Archive member included because of file (symbol)

C:/NXP/S32DS_ARM_v1.3/S32DS/arm_ewl2/lib/armv7e-m\libc99.a(exit.o)
                              C:/NXP/S32DS_ARM_v1.3/S32DS/arm_ewl2/lib/armv7e-m/__arm_start.o (exit)
C:/NXP/S32DS_ARM_v1.3/S32DS/arm_ewl2/lib/armv7e-m\libc99.a(memcpy.o)
                              ./src/xmodem.o (memcpy)
C:/NXP/S32DS_ARM_v1.3/S32DS/arm_ewl2/lib/armv7e-m\libc99.a(memset.o)
                              C:/NXP/S32DS_ARM_v1.3/S32DS/arm_ewl2/lib/armv7e-m/__arm_start.o (memset)
C:/NXP/S32DS_ARM_v1.3/S32DS/arm_ewl2/lib/armv7e-m\libc99.a(__filll_mem.o)
                              C:/NXP/S32DS_ARM_v1.3/S32DS/arm_ewl2/lib/armv7e-m\libc99.a(memset.o) (__fill_mem)
C:/NXP/S32DS_ARM_v1.3/S32DS/arm_ewl2/lib/armv7e-m\librt.a(gcc_ctor_dtor.o)
                              C:/NXP/S32DS_ARM_v1.3/S32DS/arm_ewl2/lib/armv7e-m/__arm_start.o (__init_cpp)
C:/NXP/S32DS_ARM_v1.3/S32DS/arm_ewl2/lib/armv7e-m\librt.a(__arm_eabi_init.o)
                              C:/NXP/S32DS_ARM_v1.3/S32DS/arm_ewl2/lib/armv7e-m\libc99.a(exit.o) (__destroy_global_chain)
C:/NXP/S32DS_ARM_v1.3/S32DS/arm_ewl2/lib/armv7e-m\librt.a(ROMCopy.o)
                              C:/NXP/S32DS_ARM_v1.3/S32DS/arm_ewl2/lib/armv7e-m/__arm_start.o (__copy_rom_sections_to_ram)

Allocating common symbols
Common symbol       size              file

RxDATA              0x8               ./src/FlexCAN.o
RxID                0x4               ./src/FlexCAN.o
RxLENGTH            0x4               ./src/FlexCAN.o
flash_app_addr      0x4               ./src/xmodem.o
pCallBack           0x4               ./src/flash.o
flashSSDConfig      0x1c              ./src/flash.o
RxCODE              0x4               ./src/FlexCAN.o
ret                 0x2               ./src/flash.o
RxTIMESTAMP         0x4               ./src/FlexCAN.o

Discarded input sections

 .text          0x00000000        0x0 C:/NXP/S32DS_ARM_v1.3/S32DS/arm_ewl2/lib/armv7e-m/__arm_start.o
 .data          0x00000000        0x0 C:/NXP/S32DS_ARM_v1.3/S32DS/arm_ewl2/lib/armv7e-m/__arm_start.o
 .bss           0x00000000        0x0 C:/NXP/S32DS_ARM_v1.3/S32DS/arm_ewl2/lib/armv7e-m/__arm_start.o
 .text.__thumb_startup
                0x00000000       0x3c C:/NXP/S32DS_ARM_v1.3/S32DS/arm_ewl2/lib/armv7e-m/__arm_start.o
 .text.__iar_program_start
                0x00000000        0x4 C:/NXP/S32DS_ARM_v1.3/S32DS/arm_ewl2/lib/armv7e-m/__arm_start.o
 .bss.argv      0x00000000        0x4 C:/NXP/S32DS_ARM_v1.3/S32DS/arm_ewl2/lib/armv7e-m/__arm_start.o
 .debug_info    0x00000000      0x144 C:/NXP/S32DS_ARM_v1.3/S32DS/arm_ewl2/lib/armv7e-m/__arm_start.o
 .debug_abbrev  0x00000000       0xc0 C:/NXP/S32DS_ARM_v1.3/S32DS/arm_ewl2/lib/armv7e-m/__arm_start.o
 .debug_aranges
                0x00000000       0x28 C:/NXP/S32DS_ARM_v1.3/S32DS/arm_ewl2/lib/armv7e-m/__arm_start.o
 .debug_line    0x00000000       0x68 C:/NXP/S32DS_ARM_v1.3/S32DS/arm_ewl2/lib/armv7e-m/__arm_start.o
 .debug_str     0x00000000      0x276 C:/NXP/S32DS_ARM_v1.3/S32DS/arm_ewl2/lib/armv7e-m/__arm_start.o
 .comment       0x00000000       0x71 C:/NXP/S32DS_ARM_v1.3/S32DS/arm_ewl2/lib/armv7e-m/__arm_start.o
 .debug_frame   0x00000000       0x30 C:/NXP/S32DS_ARM_v1.3/S32DS/arm_ewl2/lib/armv7e-m/__arm_start.o
 .ARM.attributes
                0x00000000       0x33 C:/NXP/S32DS_ARM_v1.3/S32DS/arm_ewl2/lib/armv7e-m/__arm_start.o
 .group         0x00000000        0x8 ./Project_Settings/Startup_Code/system_S32K144.o
 .group         0x00000000        0x8 ./Project_Settings/Startup_Code/system_S32K144.o
 .group         0x00000000        0x8 ./Project_Settings/Startup_Code/system_S32K144.o
 .group         0x00000000        0x8 ./Project_Settings/Startup_Code/system_S32K144.o
 .group         0x00000000        0x8 ./Project_Settings/Startup_Code/system_S32K144.o
 .group         0x00000000        0x8 ./Project_Settings/Startup_Code/system_S32K144.o
 .group         0x00000000        0x8 ./Project_Settings/Startup_Code/system_S32K144.o
 .group         0x00000000        0x8 ./Project_Settings/Startup_Code/system_S32K144.o
 .group         0x00000000        0x8 ./Project_Settings/Startup_Code/system_S32K144.o
 .group         0x00000000        0x8 ./Project_Settings/Startup_Code/system_S32K144.o
 .group         0x00000000        0x8 ./Project_Settings/Startup_Code/system_S32K144.o
 .group         0x00000000        0x8 ./Project_Settings/Startup_Code/system_S32K144.o
 .group         0x00000000        0x8 ./Project_Settings/Startup_Code/system_S32K144.o
 .group         0x00000000        0x8 ./Project_Settings/Startup_Code/system_S32K144.o
 .group         0x00000000        0x8 ./Project_Settings/Startup_Code/system_S32K144.o
 .group         0x00000000        0x8 ./Project_Settings/Startup_Code/system_S32K144.o
 .group         0x00000000        0x8 ./Project_Settings/Startup_Code/system_S32K144.o
 .group         0x00000000        0x8 ./Project_Settings/Startup_Code/system_S32K144.o
 .group         0x00000000        0x8 ./Project_Settings/Startup_Code/system_S32K144.o
 .text          0x00000000        0x0 ./Project_Settings/Startup_Code/system_S32K144.o
 .data          0x00000000        0x0 ./Project_Settings/Startup_Code/system_S32K144.o
 .bss           0x00000000        0x0 ./Project_Settings/Startup_Code/system_S32K144.o
 .data.SystemCoreClock
                0x00000000        0x4 ./Project_Settings/Startup_Code/system_S32K144.o
 .text.SystemCoreClockUpdate
                0x00000000       0xf4 ./Project_Settings/Startup_Code/system_S32K144.o
 .text.SystemSoftwareReset
                0x00000000       0x40 ./Project_Settings/Startup_Code/system_S32K144.o
 .rodata.fircFreq.5043
                0x00000000       0x10 ./Project_Settings/Startup_Code/system_S32K144.o
 .data          0x00000000        0x0 ./Project_Settings/Startup_Code/startup_S32K144.o
 .bss           0x00000000        0x0 ./Project_Settings/Startup_Code/startup_S32K144.o
 .group         0x00000000        0x8 ./Project_Settings/Startup_Code/startup.o
 .group         0x00000000        0x8 ./Project_Settings/Startup_Code/startup.o
 .group         0x00000000        0x8 ./Project_Settings/Startup_Code/startup.o
 .group         0x00000000        0x8 ./Project_Settings/Startup_Code/startup.o
 .group         0x00000000        0x8 ./Project_Settings/Startup_Code/startup.o
 .group         0x00000000        0x8 ./Project_Settings/Startup_Code/startup.o
 .group         0x00000000        0x8 ./Project_Settings/Startup_Code/startup.o
 .group         0x00000000        0x8 ./Project_Settings/Startup_Code/startup.o
 .group         0x00000000        0x8 ./Project_Settings/Startup_Code/startup.o
 .group         0x00000000        0x8 ./Project_Settings/Startup_Code/startup.o
 .group         0x00000000        0x8 ./Project_Settings/Startup_Code/startup.o
 .group         0x00000000        0x8 ./Project_Settings/Startup_Code/startup.o
 .group         0x00000000        0x8 ./Project_Settings/Startup_Code/startup.o
 .group         0x00000000        0x8 ./Project_Settings/Startup_Code/startup.o
 .group         0x00000000        0x8 ./Project_Settings/Startup_Code/startup.o
 .group         0x00000000        0x8 ./Project_Settings/Startup_Code/startup.o
 .group         0x00000000        0x8 ./Project_Settings/Startup_Code/startup.o
 .group         0x00000000        0x8 ./Project_Settings/Startup_Code/startup.o
 .text          0x00000000        0x0 ./Project_Settings/Startup_Code/startup.o
 .data          0x00000000        0x0 ./Project_Settings/Startup_Code/startup.o
 .bss           0x00000000        0x0 ./Project_Settings/Startup_Code/startup.o
 .debug_macro   0x00000000      0x868 ./Project_Settings/Startup_Code/startup.o
 .debug_macro   0x00000000       0x52 ./Project_Settings/Startup_Code/startup.o
 .debug_macro   0x00000000       0xa0 ./Project_Settings/Startup_Code/startup.o
 .debug_macro   0x00000000       0x16 ./Project_Settings/Startup_Code/startup.o
 .debug_macro   0x00000000       0x10 ./Project_Settings/Startup_Code/startup.o
 .debug_macro   0x00000000       0x7c ./Project_Settings/Startup_Code/startup.o
 .debug_macro   0x00000000       0x19 ./Project_Settings/Startup_Code/startup.o
 .debug_macro   0x00000000       0x64 ./Project_Settings/Startup_Code/startup.o
 .debug_macro   0x00000000      0x185 ./Project_Settings/Startup_Code/startup.o
 .debug_macro   0x00000000      0x140 ./Project_Settings/Startup_Code/startup.o
 .debug_macro   0x00000000       0x9d ./Project_Settings/Startup_Code/startup.o
 .debug_macro   0x00000000       0x10 ./Project_Settings/Startup_Code/startup.o
 .debug_macro   0x00000000      0x15b ./Project_Settings/Startup_Code/startup.o
 .debug_macro   0x00000000       0x28 ./Project_Settings/Startup_Code/startup.o
 .debug_macro   0x00000000       0x58 ./Project_Settings/Startup_Code/startup.o
 .debug_macro   0x00000000     0xdf8d ./Project_Settings/Startup_Code/startup.o
 .debug_macro   0x00000000      0x946 ./Project_Settings/Startup_Code/startup.o
 .debug_macro   0x00000000       0x22 ./Project_Settings/Startup_Code/startup.o
 .group         0x00000000        0x8 ./src/xmodem.o
 .group         0x00000000        0x8 ./src/xmodem.o
 .group         0x00000000        0x8 ./src/xmodem.o
 .group         0x00000000        0x8 ./src/xmodem.o
 .group         0x00000000        0x8 ./src/xmodem.o
 .group         0x00000000        0x8 ./src/xmodem.o
 .group         0x00000000        0x8 ./src/xmodem.o
 .group         0x00000000        0x8 ./src/xmodem.o
 .group         0x00000000        0x8 ./src/xmodem.o
 .group         0x00000000        0x8 ./src/xmodem.o
 .group         0x00000000        0x8 ./src/xmodem.o
 .group         0x00000000        0x8 ./src/xmodem.o
 .group         0x00000000        0x8 ./src/xmodem.o
 .group         0x00000000        0x8 ./src/xmodem.o
 .group         0x00000000        0x8 ./src/xmodem.o
 .group         0x00000000        0x8 ./src/xmodem.o
 .group         0x00000000        0x8 ./src/xmodem.o
 .group         0x00000000        0x8 ./src/xmodem.o
 .group         0x00000000        0x8 ./src/xmodem.o
 .group         0x00000000        0x8 ./src/xmodem.o
 .group         0x00000000        0x8 ./src/xmodem.o
 .group         0x00000000        0x8 ./src/xmodem.o
 .text          0x00000000        0x0 ./src/xmodem.o
 .data          0x00000000        0x0 ./src/xmodem.o
 .bss           0x00000000        0x0 ./src/xmodem.o
 .text.xmodem_uart_handler
                0x00000000        0xc ./src/xmodem.o
 .debug_macro   0x00000000      0x868 ./src/xmodem.o
 .debug_macro   0x00000000       0x52 ./src/xmodem.o
 .debug_macro   0x00000000       0xa0 ./src/xmodem.o
 .debug_macro   0x00000000       0x16 ./src/xmodem.o
 .debug_macro   0x00000000       0x64 ./src/xmodem.o
 .debug_macro   0x00000000      0x185 ./src/xmodem.o
 .debug_macro   0x00000000      0x140 ./src/xmodem.o
 .debug_macro   0x00000000       0x9d ./src/xmodem.o
 .debug_macro   0x00000000       0x10 ./src/xmodem.o
 .debug_macro   0x00000000      0x15b ./src/xmodem.o
 .debug_macro   0x00000000       0x28 ./src/xmodem.o
 .debug_macro   0x00000000       0x58 ./src/xmodem.o
 .debug_macro   0x00000000       0x10 ./src/xmodem.o
 .debug_macro   0x00000000       0x7c ./src/xmodem.o
 .debug_macro   0x00000000      0x946 ./src/xmodem.o
 .group         0x00000000        0x8 ./src/sbc_uja1169_driver.o
 .group         0x00000000        0x8 ./src/sbc_uja1169_driver.o
 .group         0x00000000        0x8 ./src/sbc_uja1169_driver.o
 .group         0x00000000        0x8 ./src/sbc_uja1169_driver.o
 .group         0x00000000        0x8 ./src/sbc_uja1169_driver.o
 .group         0x00000000        0x8 ./src/sbc_uja1169_driver.o
 .group         0x00000000        0x8 ./src/sbc_uja1169_driver.o
 .group         0x00000000        0x8 ./src/sbc_uja1169_driver.o
 .group         0x00000000        0x8 ./src/sbc_uja1169_driver.o
 .group         0x00000000        0x8 ./src/sbc_uja1169_driver.o
 .group         0x00000000        0x8 ./src/sbc_uja1169_driver.o
 .group         0x00000000        0x8 ./src/sbc_uja1169_driver.o
 .group         0x00000000        0x8 ./src/sbc_uja1169_driver.o
 .group         0x00000000        0x8 ./src/sbc_uja1169_driver.o
 .group         0x00000000        0x8 ./src/sbc_uja1169_driver.o
 .group         0x00000000        0x8 ./src/sbc_uja1169_driver.o
 .group         0x00000000        0x8 ./src/sbc_uja1169_driver.o
 .group         0x00000000        0x8 ./src/sbc_uja1169_driver.o
 .text          0x00000000        0x0 ./src/sbc_uja1169_driver.o
 .data          0x00000000        0x0 ./src/sbc_uja1169_driver.o
 .bss           0x00000000        0x0 ./src/sbc_uja1169_driver.o
 .text.SBC_GetVreg
                0x00000000       0xac ./src/sbc_uja1169_driver.o
 .text.SBC_GetWatchdog
                0x00000000       0x70 ./src/sbc_uja1169_driver.o
 .text.SBC_FeedWatchdog
                0x00000000       0x10 ./src/sbc_uja1169_driver.o
 .text.SBC_GetFailSafe
                0x00000000       0x68 ./src/sbc_uja1169_driver.o
 .text.SBC_GetSystemEvents
                0x00000000       0x5c ./src/sbc_uja1169_driver.o
 .text.SBC_GetLock
                0x00000000       0x50 ./src/sbc_uja1169_driver.o
 .text.SBC_GetCanConfig
                0x00000000       0xf0 ./src/sbc_uja1169_driver.o
 .text.SBC_GetWakePin
                0x00000000       0x5c ./src/sbc_uja1169_driver.o
 .text.SBC_GetMainStatus
                0x00000000       0x68 ./src/sbc_uja1169_driver.o
 .text.SBC_GetWatchdogStatus
                0x00000000       0x8c ./src/sbc_uja1169_driver.o
 .text.SBC_GetSupplyStatus
                0x00000000       0x80 ./src/sbc_uja1169_driver.o
 .text.SBC_GetCanStatus
                0x00000000       0x98 ./src/sbc_uja1169_driver.o
 .text.SBC_GetWakeStatus
                0x00000000       0x50 ./src/sbc_uja1169_driver.o
 .text.SBC_GetAllStatus
                0x00000000       0x88 ./src/sbc_uja1169_driver.o
 .text.SBC_GetMtpnvStatus
                0x00000000       0x68 ./src/sbc_uja1169_driver.o
 .text.SBC_GetFactoriesSettings
                0x00000000       0xb0 ./src/sbc_uja1169_driver.o
 .text.SBC_ChangeFactoriesSettings
                0x00000000       0x54 ./src/sbc_uja1169_driver.o
 .text.sbc_read_can_others
                0x00000000       0xfc ./src/sbc_uja1169_driver.o
 .text.sbc_get_factories_crc
                0x00000000       0xb4 ./src/sbc_uja1169_driver.o
 .text.sbc_change_factories_direct
                0x00000000       0xa4 ./src/sbc_uja1169_driver.o
 .debug_macro   0x00000000      0x868 ./src/sbc_uja1169_driver.o
 .debug_macro   0x00000000       0x52 ./src/sbc_uja1169_driver.o
 .debug_macro   0x00000000       0xa0 ./src/sbc_uja1169_driver.o
 .debug_macro   0x00000000       0x16 ./src/sbc_uja1169_driver.o
 .debug_macro   0x00000000       0x19 ./src/sbc_uja1169_driver.o
 .debug_macro   0x00000000       0x64 ./src/sbc_uja1169_driver.o
 .debug_macro   0x00000000      0x185 ./src/sbc_uja1169_driver.o
 .debug_macro   0x00000000      0x140 ./src/sbc_uja1169_driver.o
 .debug_macro   0x00000000       0x9d ./src/sbc_uja1169_driver.o
 .debug_macro   0x00000000       0x10 ./src/sbc_uja1169_driver.o
 .debug_macro   0x00000000      0x15b ./src/sbc_uja1169_driver.o
 .debug_macro   0x00000000       0x28 ./src/sbc_uja1169_driver.o
 .debug_macro   0x00000000       0x58 ./src/sbc_uja1169_driver.o
 .debug_macro   0x00000000     0xdf8d ./src/sbc_uja1169_driver.o
 .debug_macro   0x00000000       0x22 ./src/sbc_uja1169_driver.o
 .debug_macro   0x00000000       0x10 ./src/sbc_uja1169_driver.o
 .group         0x00000000        0x8 ./src/sbc_uja11691.o
 .group         0x00000000        0x8 ./src/sbc_uja11691.o
 .group         0x00000000        0x8 ./src/sbc_uja11691.o
 .group         0x00000000        0x8 ./src/sbc_uja11691.o
 .group         0x00000000        0x8 ./src/sbc_uja11691.o
 .group         0x00000000        0x8 ./src/sbc_uja11691.o
 .group         0x00000000        0x8 ./src/sbc_uja11691.o
 .group         0x00000000        0x8 ./src/sbc_uja11691.o
 .group         0x00000000        0x8 ./src/sbc_uja11691.o
 .group         0x00000000        0x8 ./src/sbc_uja11691.o
 .group         0x00000000        0x8 ./src/sbc_uja11691.o
 .group         0x00000000        0x8 ./src/sbc_uja11691.o
 .group         0x00000000        0x8 ./src/sbc_uja11691.o
 .group         0x00000000        0x8 ./src/sbc_uja11691.o
 .group         0x00000000        0x8 ./src/sbc_uja11691.o
 .group         0x00000000        0x8 ./src/sbc_uja11691.o
 .group         0x00000000        0x8 ./src/sbc_uja11691.o
 .text          0x00000000        0x0 ./src/sbc_uja11691.o
 .data          0x00000000        0x0 ./src/sbc_uja11691.o
 .bss           0x00000000        0x0 ./src/sbc_uja11691.o
 .debug_macro   0x00000000      0x868 ./src/sbc_uja11691.o
 .debug_macro   0x00000000       0x52 ./src/sbc_uja11691.o
 .debug_macro   0x00000000       0xa0 ./src/sbc_uja11691.o
 .debug_macro   0x00000000       0x16 ./src/sbc_uja11691.o
 .debug_macro   0x00000000      0x9a9 ./src/sbc_uja11691.o
 .debug_macro   0x00000000       0x19 ./src/sbc_uja11691.o
 .debug_macro   0x00000000       0x64 ./src/sbc_uja11691.o
 .debug_macro   0x00000000      0x185 ./src/sbc_uja11691.o
 .debug_macro   0x00000000      0x140 ./src/sbc_uja11691.o
 .debug_macro   0x00000000       0x9d ./src/sbc_uja11691.o
 .debug_macro   0x00000000       0x10 ./src/sbc_uja11691.o
 .debug_macro   0x00000000      0x15b ./src/sbc_uja11691.o
 .debug_macro   0x00000000       0x28 ./src/sbc_uja11691.o
 .debug_macro   0x00000000       0x58 ./src/sbc_uja11691.o
 .debug_macro   0x00000000     0xdf8d ./src/sbc_uja11691.o
 .debug_macro   0x00000000       0x22 ./src/sbc_uja11691.o
 .debug_macro   0x00000000       0x1c ./src/sbc_uja11691.o
 .group         0x00000000        0x8 ./src/main.o
 .group         0x00000000        0x8 ./src/main.o
 .group         0x00000000        0x8 ./src/main.o
 .group         0x00000000        0x8 ./src/main.o
 .group         0x00000000        0x8 ./src/main.o
 .group         0x00000000        0x8 ./src/main.o
 .group         0x00000000        0x8 ./src/main.o
 .group         0x00000000        0x8 ./src/main.o
 .group         0x00000000        0x8 ./src/main.o
 .group         0x00000000        0x8 ./src/main.o
 .group         0x00000000        0x8 ./src/main.o
 .group         0x00000000        0x8 ./src/main.o
 .group         0x00000000        0x8 ./src/main.o
 .group         0x00000000        0x8 ./src/main.o
 .group         0x00000000        0x8 ./src/main.o
 .group         0x00000000        0x8 ./src/main.o
 .group         0x00000000        0x8 ./src/main.o
 .group         0x00000000        0x8 ./src/main.o
 .group         0x00000000        0x8 ./src/main.o
 .group         0x00000000        0x8 ./src/main.o
 .group         0x00000000        0x8 ./src/main.o
 .group         0x00000000        0x8 ./src/main.o
 .group         0x00000000        0x8 ./src/main.o
 .text          0x00000000        0x0 ./src/main.o
 .data          0x00000000        0x0 ./src/main.o
 .bss           0x00000000        0x0 ./src/main.o
 .debug_macro   0x00000000      0x868 ./src/main.o
 .debug_macro   0x00000000       0x52 ./src/main.o
 .debug_macro   0x00000000       0xa0 ./src/main.o
 .debug_macro   0x00000000       0x16 ./src/main.o
 .debug_macro   0x00000000       0x19 ./src/main.o
 .debug_macro   0x00000000       0x64 ./src/main.o
 .debug_macro   0x00000000      0x185 ./src/main.o
 .debug_macro   0x00000000      0x140 ./src/main.o
 .debug_macro   0x00000000       0x9d ./src/main.o
 .debug_macro   0x00000000       0x10 ./src/main.o
 .debug_macro   0x00000000      0x15b ./src/main.o
 .debug_macro   0x00000000       0x28 ./src/main.o
 .debug_macro   0x00000000       0x58 ./src/main.o
 .debug_macro   0x00000000     0xdf8d ./src/main.o
 .debug_macro   0x00000000       0x16 ./src/main.o
 .debug_macro   0x00000000      0x9a9 ./src/main.o
 .debug_macro   0x00000000       0x22 ./src/main.o
 .debug_macro   0x00000000       0x1c ./src/main.o
 .debug_macro   0x00000000       0x10 ./src/main.o
 .debug_macro   0x00000000       0x7c ./src/main.o
 .debug_macro   0x00000000      0x946 ./src/main.o
 .debug_macro   0x00000000       0x10 ./src/main.o
 .group         0x00000000        0x8 ./src/flash_driver.o
 .group         0x00000000        0x8 ./src/flash_driver.o
 .group         0x00000000        0x8 ./src/flash_driver.o
 .group         0x00000000        0x8 ./src/flash_driver.o
 .group         0x00000000        0x8 ./src/flash_driver.o
 .group         0x00000000        0x8 ./src/flash_driver.o
 .group         0x00000000        0x8 ./src/flash_driver.o
 .group         0x00000000        0x8 ./src/flash_driver.o
 .group         0x00000000        0x8 ./src/flash_driver.o
 .group         0x00000000        0x8 ./src/flash_driver.o
 .group         0x00000000        0x8 ./src/flash_driver.o
 .group         0x00000000        0x8 ./src/flash_driver.o
 .group         0x00000000        0x8 ./src/flash_driver.o
 .group         0x00000000        0x8 ./src/flash_driver.o
 .group         0x00000000        0x8 ./src/flash_driver.o
 .group         0x00000000        0x8 ./src/flash_driver.o
 .group         0x00000000        0x8 ./src/flash_driver.o
 .group         0x00000000        0x8 ./src/flash_driver.o
 .group         0x00000000        0x8 ./src/flash_driver.o
 .group         0x00000000        0x8 ./src/flash_driver.o
 .group         0x00000000        0x8 ./src/flash_driver.o
 .group         0x00000000        0x8 ./src/flash_driver.o
 .text          0x00000000        0x0 ./src/flash_driver.o
 .data          0x00000000        0x0 ./src/flash_driver.o
 .bss           0x00000000        0x0 ./src/flash_driver.o
 .text.FLASH_DRV_GetPFlashProtection
                0x00000000       0x50 ./src/flash_driver.o
 .text.FLASH_DRV_SetPFlashProtection
                0x00000000       0xb0 ./src/flash_driver.o
 .text.FLASH_DRV_GetSecurityState
                0x00000000       0x48 ./src/flash_driver.o
 .text.FLASH_DRV_SecurityBypass
                0x00000000       0x58 ./src/flash_driver.o
 .text.FLASH_DRV_EraseAllBlock
                0x00000000       0x2c ./src/flash_driver.o
 .text.FLASH_DRV_VerifyAllBlock
                0x00000000       0x38 ./src/flash_driver.o
 .text.FLASH_DRV_VerifySection
                0x00000000       0xd0 ./src/flash_driver.o
 .text.FLASH_DRV_EraseSuspend
                0x00000000       0x40 ./src/flash_driver.o
 .text.FLASH_DRV_EraseResume
                0x00000000       0x54 ./src/flash_driver.o
 .text.FLASH_DRV_ReadOnce
                0x00000000       0x68 ./src/flash_driver.o
 .text.FLASH_DRV_ProgramOnce
                0x00000000       0x64 ./src/flash_driver.o
 .text.FLASH_DRV_ProgramCheck
                0x00000000      0x138 ./src/flash_driver.o
 .text.FLASH_DRV_CheckSum
                0x00000000       0xb4 ./src/flash_driver.o
 .text.FLASH_DRV_ProgramSection
                0x00000000       0xd4 ./src/flash_driver.o
 .text.FLASH_DRV_EraseBlock
                0x00000000       0xa8 ./src/flash_driver.o
 .text.FLASH_DRV_VerifyBlock
                0x00000000       0xb4 ./src/flash_driver.o
 .text.FLASH_DRV_GetEERAMProtection
                0x00000000       0x3c ./src/flash_driver.o
 .text.FLASH_DRV_SetEERAMProtection
                0x00000000       0x4c ./src/flash_driver.o
 .text.FLASH_DRV_SetFlexRamFunction
                0x00000000       0xc0 ./src/flash_driver.o
 .text.FLASH_DRV_WaitEEWriteToFinish
                0x00000000       0xb8 ./src/flash_driver.o
 .text.FLASH_DRV_EEEWrite
                0x00000000       0xbc ./src/flash_driver.o
 .text.FLASH_DRV_DEFlashPartition
                0x00000000       0x60 ./src/flash_driver.o
 .text.FLASH_DRV_GetDFlashProtection
                0x00000000       0x38 ./src/flash_driver.o
 .text.FLASH_DRV_SetDFlashProtection
                0x00000000       0x48 ./src/flash_driver.o
 .text.FLASH_DRV_EraseAllBlockUnsecure
                0x00000000       0x2c ./src/flash_driver.o
 .debug_macro   0x00000000      0x868 ./src/flash_driver.o
 .debug_macro   0x00000000       0x52 ./src/flash_driver.o
 .debug_macro   0x00000000       0xa0 ./src/flash_driver.o
 .debug_macro   0x00000000       0x16 ./src/flash_driver.o
 .debug_macro   0x00000000       0x64 ./src/flash_driver.o
 .debug_macro   0x00000000      0x185 ./src/flash_driver.o
 .debug_macro   0x00000000      0x140 ./src/flash_driver.o
 .debug_macro   0x00000000       0x1c ./src/flash_driver.o
 .debug_macro   0x00000000       0x16 ./src/flash_driver.o
 .debug_macro   0x00000000       0x28 ./src/flash_driver.o
 .debug_macro   0x00000000       0x10 ./src/flash_driver.o
 .debug_macro   0x00000000       0x16 ./src/flash_driver.o
 .debug_macro   0x00000000       0x10 ./src/flash_driver.o
 .debug_macro   0x00000000       0x7c ./src/flash_driver.o
 .debug_macro   0x00000000       0x19 ./src/flash_driver.o
 .debug_macro   0x00000000       0x9d ./src/flash_driver.o
 .debug_macro   0x00000000     0xdf8d ./src/flash_driver.o
 .debug_macro   0x00000000      0x946 ./src/flash_driver.o
 .debug_macro   0x00000000       0x10 ./src/flash_driver.o
 .group         0x00000000        0x8 ./src/flash.o
 .group         0x00000000        0x8 ./src/flash.o
 .group         0x00000000        0x8 ./src/flash.o
 .group         0x00000000        0x8 ./src/flash.o
 .group         0x00000000        0x8 ./src/flash.o
 .group         0x00000000        0x8 ./src/flash.o
 .group         0x00000000        0x8 ./src/flash.o
 .group         0x00000000        0x8 ./src/flash.o
 .group         0x00000000        0x8 ./src/flash.o
 .group         0x00000000        0x8 ./src/flash.o
 .group         0x00000000        0x8 ./src/flash.o
 .group         0x00000000        0x8 ./src/flash.o
 .group         0x00000000        0x8 ./src/flash.o
 .group         0x00000000        0x8 ./src/flash.o
 .group         0x00000000        0x8 ./src/flash.o
 .group         0x00000000        0x8 ./src/flash.o
 .group         0x00000000        0x8 ./src/flash.o
 .group         0x00000000        0x8 ./src/flash.o
 .group         0x00000000        0x8 ./src/flash.o
 .group         0x00000000        0x8 ./src/flash.o
 .group         0x00000000        0x8 ./src/flash.o
 .group         0x00000000        0x8 ./src/flash.o
 .text          0x00000000        0x0 ./src/flash.o
 .data          0x00000000        0x0 ./src/flash.o
 .bss           0x00000000        0x0 ./src/flash.o
 .debug_macro   0x00000000      0x868 ./src/flash.o
 .debug_macro   0x00000000       0x52 ./src/flash.o
 .debug_macro   0x00000000       0xa0 ./src/flash.o
 .debug_macro   0x00000000       0x16 ./src/flash.o
 .debug_macro   0x00000000      0x946 ./src/flash.o
 .debug_macro   0x00000000       0x10 ./src/flash.o
 .debug_macro   0x00000000       0x7c ./src/flash.o
 .debug_macro   0x00000000       0x19 ./src/flash.o
 .debug_macro   0x00000000       0x64 ./src/flash.o
 .debug_macro   0x00000000      0x185 ./src/flash.o
 .debug_macro   0x00000000      0x140 ./src/flash.o
 .debug_macro   0x00000000       0x9d ./src/flash.o
 .debug_macro   0x00000000       0x10 ./src/flash.o
 .debug_macro   0x00000000      0x15b ./src/flash.o
 .debug_macro   0x00000000       0x28 ./src/flash.o
 .debug_macro   0x00000000       0x58 ./src/flash.o
 .debug_macro   0x00000000     0xdf8d ./src/flash.o
 .debug_macro   0x00000000       0x22 ./src/flash.o
 .debug_macro   0x00000000       0x16 ./src/flash.o
 .debug_macro   0x00000000       0x16 ./src/flash.o
 .debug_macro   0x00000000       0x16 ./src/flash.o
 .debug_macro   0x00000000      0x505 ./src/flash.o
 .group         0x00000000        0x8 ./src/crc16.o
 .group         0x00000000        0x8 ./src/crc16.o
 .group         0x00000000        0x8 ./src/crc16.o
 .group         0x00000000        0x8 ./src/crc16.o
 .group         0x00000000        0x8 ./src/crc16.o
 .group         0x00000000        0x8 ./src/crc16.o
 .group         0x00000000        0x8 ./src/crc16.o
 .group         0x00000000        0x8 ./src/crc16.o
 .group         0x00000000        0x8 ./src/crc16.o
 .group         0x00000000        0x8 ./src/crc16.o
 .group         0x00000000        0x8 ./src/crc16.o
 .group         0x00000000        0x8 ./src/crc16.o
 .text          0x00000000        0x0 ./src/crc16.o
 .data          0x00000000        0x0 ./src/crc16.o
 .bss           0x00000000        0x0 ./src/crc16.o
 .debug_macro   0x00000000      0x868 ./src/crc16.o
 .debug_macro   0x00000000       0x52 ./src/crc16.o
 .debug_macro   0x00000000       0xa0 ./src/crc16.o
 .debug_macro   0x00000000       0x16 ./src/crc16.o
 .debug_macro   0x00000000       0x64 ./src/crc16.o
 .debug_macro   0x00000000      0x185 ./src/crc16.o
 .debug_macro   0x00000000      0x140 ./src/crc16.o
 .debug_macro   0x00000000       0x9d ./src/crc16.o
 .debug_macro   0x00000000       0x10 ./src/crc16.o
 .debug_macro   0x00000000      0x15b ./src/crc16.o
 .debug_macro   0x00000000       0x28 ./src/crc16.o
 .debug_macro   0x00000000       0x58 ./src/crc16.o
 .group         0x00000000        0x8 ./src/config.o
 .group         0x00000000        0x8 ./src/config.o
 .group         0x00000000        0x8 ./src/config.o
 .group         0x00000000        0x8 ./src/config.o
 .group         0x00000000        0x8 ./src/config.o
 .group         0x00000000        0x8 ./src/config.o
 .group         0x00000000        0x8 ./src/config.o
 .group         0x00000000        0x8 ./src/config.o
 .group         0x00000000        0x8 ./src/config.o
 .group         0x00000000        0x8 ./src/config.o
 .group         0x00000000        0x8 ./src/config.o
 .group         0x00000000        0x8 ./src/config.o
 .group         0x00000000        0x8 ./src/config.o
 .group         0x00000000        0x8 ./src/config.o
 .group         0x00000000        0x8 ./src/config.o
 .group         0x00000000        0x8 ./src/config.o
 .group         0x00000000        0x8 ./src/config.o
 .group         0x00000000        0x8 ./src/config.o
 .text          0x00000000        0x0 ./src/config.o
 .data          0x00000000        0x0 ./src/config.o
 .bss           0x00000000        0x0 ./src/config.o
 .debug_macro   0x00000000      0x868 ./src/config.o
 .debug_macro   0x00000000       0x52 ./src/config.o
 .debug_macro   0x00000000       0xa0 ./src/config.o
 .debug_macro   0x00000000       0x16 ./src/config.o
 .debug_macro   0x00000000       0x10 ./src/config.o
 .debug_macro   0x00000000       0x7c ./src/config.o
 .debug_macro   0x00000000       0x19 ./src/config.o
 .debug_macro   0x00000000       0x64 ./src/config.o
 .debug_macro   0x00000000      0x185 ./src/config.o
 .debug_macro   0x00000000      0x140 ./src/config.o
 .debug_macro   0x00000000       0x9d ./src/config.o
 .debug_macro   0x00000000       0x10 ./src/config.o
 .debug_macro   0x00000000      0x15b ./src/config.o
 .debug_macro   0x00000000       0x28 ./src/config.o
 .debug_macro   0x00000000       0x58 ./src/config.o
 .debug_macro   0x00000000     0xdf8d ./src/config.o
 .debug_macro   0x00000000      0x946 ./src/config.o
 .debug_macro   0x00000000       0x22 ./src/config.o
 .group         0x00000000        0x8 ./src/clocks_and_modes.o
 .group         0x00000000        0x8 ./src/clocks_and_modes.o
 .group         0x00000000        0x8 ./src/clocks_and_modes.o
 .group         0x00000000        0x8 ./src/clocks_and_modes.o
 .group         0x00000000        0x8 ./src/clocks_and_modes.o
 .group         0x00000000        0x8 ./src/clocks_and_modes.o
 .group         0x00000000        0x8 ./src/clocks_and_modes.o
 .group         0x00000000        0x8 ./src/clocks_and_modes.o
 .group         0x00000000        0x8 ./src/clocks_and_modes.o
 .group         0x00000000        0x8 ./src/clocks_and_modes.o
 .group         0x00000000        0x8 ./src/clocks_and_modes.o
 .group         0x00000000        0x8 ./src/clocks_and_modes.o
 .group         0x00000000        0x8 ./src/clocks_and_modes.o
 .group         0x00000000        0x8 ./src/clocks_and_modes.o
 .text          0x00000000        0x0 ./src/clocks_and_modes.o
 .data          0x00000000        0x0 ./src/clocks_and_modes.o
 .bss           0x00000000        0x0 ./src/clocks_and_modes.o
 .debug_macro   0x00000000      0x868 ./src/clocks_and_modes.o
 .debug_macro   0x00000000       0x52 ./src/clocks_and_modes.o
 .debug_macro   0x00000000       0xa0 ./src/clocks_and_modes.o
 .debug_macro   0x00000000       0x16 ./src/clocks_and_modes.o
 .debug_macro   0x00000000       0x19 ./src/clocks_and_modes.o
 .debug_macro   0x00000000       0x64 ./src/clocks_and_modes.o
 .debug_macro   0x00000000      0x185 ./src/clocks_and_modes.o
 .debug_macro   0x00000000      0x140 ./src/clocks_and_modes.o
 .debug_macro   0x00000000       0x9d ./src/clocks_and_modes.o
 .debug_macro   0x00000000       0x10 ./src/clocks_and_modes.o
 .debug_macro   0x00000000      0x15b ./src/clocks_and_modes.o
 .debug_macro   0x00000000       0x28 ./src/clocks_and_modes.o
 .debug_macro   0x00000000       0x58 ./src/clocks_and_modes.o
 .debug_macro   0x00000000     0xdf8d ./src/clocks_and_modes.o
 .group         0x00000000        0x8 ./src/LPSPI.o
 .group         0x00000000        0x8 ./src/LPSPI.o
 .group         0x00000000        0x8 ./src/LPSPI.o
 .group         0x00000000        0x8 ./src/LPSPI.o
 .group         0x00000000        0x8 ./src/LPSPI.o
 .group         0x00000000        0x8 ./src/LPSPI.o
 .group         0x00000000        0x8 ./src/LPSPI.o
 .group         0x00000000        0x8 ./src/LPSPI.o
 .group         0x00000000        0x8 ./src/LPSPI.o
 .group         0x00000000        0x8 ./src/LPSPI.o
 .group         0x00000000        0x8 ./src/LPSPI.o
 .group         0x00000000        0x8 ./src/LPSPI.o
 .group         0x00000000        0x8 ./src/LPSPI.o
 .group         0x00000000        0x8 ./src/LPSPI.o
 .group         0x00000000        0x8 ./src/LPSPI.o
 .text          0x00000000        0x0 ./src/LPSPI.o
 .data          0x00000000        0x0 ./src/LPSPI.o
 .bss           0x00000000        0x0 ./src/LPSPI.o
 .rodata        0x00000000        0xc ./src/LPSPI.o
 .text.LPSPI1_init_MC33903
                0x00000000       0x54 ./src/LPSPI.o
 .debug_macro   0x00000000      0x868 ./src/LPSPI.o
 .debug_macro   0x00000000       0x52 ./src/LPSPI.o
 .debug_macro   0x00000000       0xa0 ./src/LPSPI.o
 .debug_macro   0x00000000       0x16 ./src/LPSPI.o
 .debug_macro   0x00000000       0x19 ./src/LPSPI.o
 .debug_macro   0x00000000       0x64 ./src/LPSPI.o
 .debug_macro   0x00000000      0x185 ./src/LPSPI.o
 .debug_macro   0x00000000      0x140 ./src/LPSPI.o
 .debug_macro   0x00000000       0x9d ./src/LPSPI.o
 .debug_macro   0x00000000       0x10 ./src/LPSPI.o
 .debug_macro   0x00000000      0x15b ./src/LPSPI.o
 .debug_macro   0x00000000       0x28 ./src/LPSPI.o
 .debug_macro   0x00000000       0x58 ./src/LPSPI.o
 .debug_macro   0x00000000     0xdf8d ./src/LPSPI.o
 .debug_macro   0x00000000       0x16 ./src/LPSPI.o
 .group         0x00000000        0x8 ./src/FlexCAN.o
 .group         0x00000000        0x8 ./src/FlexCAN.o
 .group         0x00000000        0x8 ./src/FlexCAN.o
 .group         0x00000000        0x8 ./src/FlexCAN.o
 .group         0x00000000        0x8 ./src/FlexCAN.o
 .group         0x00000000        0x8 ./src/FlexCAN.o
 .group         0x00000000        0x8 ./src/FlexCAN.o
 .group         0x00000000        0x8 ./src/FlexCAN.o
 .group         0x00000000        0x8 ./src/FlexCAN.o
 .group         0x00000000        0x8 ./src/FlexCAN.o
 .group         0x00000000        0x8 ./src/FlexCAN.o
 .group         0x00000000        0x8 ./src/FlexCAN.o
 .group         0x00000000        0x8 ./src/FlexCAN.o
 .group         0x00000000        0x8 ./src/FlexCAN.o
 .group         0x00000000        0x8 ./src/FlexCAN.o
 .text          0x00000000        0x0 ./src/FlexCAN.o
 .data          0x00000000        0x0 ./src/FlexCAN.o
 .bss           0x00000000        0x0 ./src/FlexCAN.o
 .text.FLEXCAN0_transmit_msg
                0x00000000       0x48 ./src/FlexCAN.o
 .text.FLEXCAN0_receive_msg
                0x00000000       0x94 ./src/FlexCAN.o
 .debug_macro   0x00000000      0x868 ./src/FlexCAN.o
 .debug_macro   0x00000000       0x52 ./src/FlexCAN.o
 .debug_macro   0x00000000       0xa0 ./src/FlexCAN.o
 .debug_macro   0x00000000       0x16 ./src/FlexCAN.o
 .debug_macro   0x00000000       0x19 ./src/FlexCAN.o
 .debug_macro   0x00000000       0x64 ./src/FlexCAN.o
 .debug_macro   0x00000000      0x185 ./src/FlexCAN.o
 .debug_macro   0x00000000      0x140 ./src/FlexCAN.o
 .debug_macro   0x00000000       0x9d ./src/FlexCAN.o
 .debug_macro   0x00000000       0x10 ./src/FlexCAN.o
 .debug_macro   0x00000000      0x15b ./src/FlexCAN.o
 .debug_macro   0x00000000       0x28 ./src/FlexCAN.o
 .debug_macro   0x00000000       0x58 ./src/FlexCAN.o
 .debug_macro   0x00000000     0xdf8d ./src/FlexCAN.o
 .debug_macro   0x00000000       0x16 ./src/FlexCAN.o
 .text          0x00000000        0x0 C:/NXP/S32DS_ARM_v1.3/S32DS/arm_ewl2/lib/armv7e-m\libc99.a(exit.o)
 .data          0x00000000        0x0 C:/NXP/S32DS_ARM_v1.3/S32DS/arm_ewl2/lib/armv7e-m\libc99.a(exit.o)
 .bss           0x00000000        0x0 C:/NXP/S32DS_ARM_v1.3/S32DS/arm_ewl2/lib/armv7e-m\libc99.a(exit.o)
 .text.exit     0x00000000       0x38 C:/NXP/S32DS_ARM_v1.3/S32DS/arm_ewl2/lib/armv7e-m\libc99.a(exit.o)
 .text._Exit    0x00000000        0x4 C:/NXP/S32DS_ARM_v1.3/S32DS/arm_ewl2/lib/armv7e-m\libc99.a(exit.o)
 .bss.__stdio_exit
                0x00000000        0x4 C:/NXP/S32DS_ARM_v1.3/S32DS/arm_ewl2/lib/armv7e-m\libc99.a(exit.o)
 .bss.__console_exit
                0x00000000        0x4 C:/NXP/S32DS_ARM_v1.3/S32DS/arm_ewl2/lib/armv7e-m\libc99.a(exit.o)
 .debug_info    0x00000000      0x111 C:/NXP/S32DS_ARM_v1.3/S32DS/arm_ewl2/lib/armv7e-m\libc99.a(exit.o)
 .debug_abbrev  0x00000000       0x91 C:/NXP/S32DS_ARM_v1.3/S32DS/arm_ewl2/lib/armv7e-m\libc99.a(exit.o)
 .debug_loc     0x00000000       0x5d C:/NXP/S32DS_ARM_v1.3/S32DS/arm_ewl2/lib/armv7e-m\libc99.a(exit.o)
 .debug_aranges
                0x00000000       0x28 C:/NXP/S32DS_ARM_v1.3/S32DS/arm_ewl2/lib/armv7e-m\libc99.a(exit.o)
 .debug_line    0x00000000       0xa4 C:/NXP/S32DS_ARM_v1.3/S32DS/arm_ewl2/lib/armv7e-m\libc99.a(exit.o)
 .debug_str     0x00000000      0x242 C:/NXP/S32DS_ARM_v1.3/S32DS/arm_ewl2/lib/armv7e-m\libc99.a(exit.o)
 .comment       0x00000000       0x71 C:/NXP/S32DS_ARM_v1.3/S32DS/arm_ewl2/lib/armv7e-m\libc99.a(exit.o)
 .debug_frame   0x00000000       0x3c C:/NXP/S32DS_ARM_v1.3/S32DS/arm_ewl2/lib/armv7e-m\libc99.a(exit.o)
 .ARM.attributes
                0x00000000       0x33 C:/NXP/S32DS_ARM_v1.3/S32DS/arm_ewl2/lib/armv7e-m\libc99.a(exit.o)
 .text          0x00000000        0x0 C:/NXP/S32DS_ARM_v1.3/S32DS/arm_ewl2/lib/armv7e-m\libc99.a(memcpy.o)
 .data          0x00000000        0x0 C:/NXP/S32DS_ARM_v1.3/S32DS/arm_ewl2/lib/armv7e-m\libc99.a(memcpy.o)
 .bss           0x00000000        0x0 C:/NXP/S32DS_ARM_v1.3/S32DS/arm_ewl2/lib/armv7e-m\libc99.a(memcpy.o)
 .text          0x00000000        0x0 C:/NXP/S32DS_ARM_v1.3/S32DS/arm_ewl2/lib/armv7e-m\libc99.a(memset.o)
 .data          0x00000000        0x0 C:/NXP/S32DS_ARM_v1.3/S32DS/arm_ewl2/lib/armv7e-m\libc99.a(memset.o)
 .bss           0x00000000        0x0 C:/NXP/S32DS_ARM_v1.3/S32DS/arm_ewl2/lib/armv7e-m\libc99.a(memset.o)
 .text.memset   0x00000000        0xc C:/NXP/S32DS_ARM_v1.3/S32DS/arm_ewl2/lib/armv7e-m\libc99.a(memset.o)
 .debug_info    0x00000000       0xec C:/NXP/S32DS_ARM_v1.3/S32DS/arm_ewl2/lib/armv7e-m\libc99.a(memset.o)
 .debug_abbrev  0x00000000       0x62 C:/NXP/S32DS_ARM_v1.3/S32DS/arm_ewl2/lib/armv7e-m\libc99.a(memset.o)
 .debug_loc     0x00000000       0x64 C:/NXP/S32DS_ARM_v1.3/S32DS/arm_ewl2/lib/armv7e-m\libc99.a(memset.o)
 .debug_aranges
                0x00000000       0x20 C:/NXP/S32DS_ARM_v1.3/S32DS/arm_ewl2/lib/armv7e-m\libc99.a(memset.o)
 .debug_line    0x00000000       0x8f C:/NXP/S32DS_ARM_v1.3/S32DS/arm_ewl2/lib/armv7e-m\libc99.a(memset.o)
 .debug_str     0x00000000      0x225 C:/NXP/S32DS_ARM_v1.3/S32DS/arm_ewl2/lib/armv7e-m\libc99.a(memset.o)
 .comment       0x00000000       0x71 C:/NXP/S32DS_ARM_v1.3/S32DS/arm_ewl2/lib/armv7e-m\libc99.a(memset.o)
 .debug_frame   0x00000000       0x28 C:/NXP/S32DS_ARM_v1.3/S32DS/arm_ewl2/lib/armv7e-m\libc99.a(memset.o)
 .ARM.attributes
                0x00000000       0x33 C:/NXP/S32DS_ARM_v1.3/S32DS/arm_ewl2/lib/armv7e-m\libc99.a(memset.o)
 .text          0x00000000        0x0 C:/NXP/S32DS_ARM_v1.3/S32DS/arm_ewl2/lib/armv7e-m\libc99.a(__filll_mem.o)
 .data          0x00000000        0x0 C:/NXP/S32DS_ARM_v1.3/S32DS/arm_ewl2/lib/armv7e-m\libc99.a(__filll_mem.o)
 .bss           0x00000000        0x0 C:/NXP/S32DS_ARM_v1.3/S32DS/arm_ewl2/lib/armv7e-m\libc99.a(__filll_mem.o)
 .text.__fill_mem
                0x00000000       0x7a C:/NXP/S32DS_ARM_v1.3/S32DS/arm_ewl2/lib/armv7e-m\libc99.a(__filll_mem.o)
 .debug_info    0x00000000      0x137 C:/NXP/S32DS_ARM_v1.3/S32DS/arm_ewl2/lib/armv7e-m\libc99.a(__filll_mem.o)
 .debug_abbrev  0x00000000       0x78 C:/NXP/S32DS_ARM_v1.3/S32DS/arm_ewl2/lib/armv7e-m\libc99.a(__filll_mem.o)
 .debug_loc     0x00000000      0x16b C:/NXP/S32DS_ARM_v1.3/S32DS/arm_ewl2/lib/armv7e-m\libc99.a(__filll_mem.o)
 .debug_aranges
                0x00000000       0x20 C:/NXP/S32DS_ARM_v1.3/S32DS/arm_ewl2/lib/armv7e-m\libc99.a(__filll_mem.o)
 .debug_line    0x00000000       0xb2 C:/NXP/S32DS_ARM_v1.3/S32DS/arm_ewl2/lib/armv7e-m\libc99.a(__filll_mem.o)
 .debug_str     0x00000000      0x237 C:/NXP/S32DS_ARM_v1.3/S32DS/arm_ewl2/lib/armv7e-m\libc99.a(__filll_mem.o)
 .comment       0x00000000       0x71 C:/NXP/S32DS_ARM_v1.3/S32DS/arm_ewl2/lib/armv7e-m\libc99.a(__filll_mem.o)
 .debug_frame   0x00000000       0x28 C:/NXP/S32DS_ARM_v1.3/S32DS/arm_ewl2/lib/armv7e-m\libc99.a(__filll_mem.o)
 .ARM.attributes
                0x00000000       0x33 C:/NXP/S32DS_ARM_v1.3/S32DS/arm_ewl2/lib/armv7e-m\libc99.a(__filll_mem.o)
 .text          0x00000000        0x0 C:/NXP/S32DS_ARM_v1.3/S32DS/arm_ewl2/lib/armv7e-m\librt.a(gcc_ctor_dtor.o)
 .data          0x00000000        0x0 C:/NXP/S32DS_ARM_v1.3/S32DS/arm_ewl2/lib/armv7e-m\librt.a(gcc_ctor_dtor.o)
 .bss           0x00000000        0x0 C:/NXP/S32DS_ARM_v1.3/S32DS/arm_ewl2/lib/armv7e-m\librt.a(gcc_ctor_dtor.o)
 .text.__init_cpp
                0x00000000       0x4c C:/NXP/S32DS_ARM_v1.3/S32DS/arm_ewl2/lib/armv7e-m\librt.a(gcc_ctor_dtor.o)
 .text.__fini_cpp
                0x00000000       0x34 C:/NXP/S32DS_ARM_v1.3/S32DS/arm_ewl2/lib/armv7e-m\librt.a(gcc_ctor_dtor.o)
 .text._ExitProcess
                0x00000000        0x2 C:/NXP/S32DS_ARM_v1.3/S32DS/arm_ewl2/lib/armv7e-m\librt.a(gcc_ctor_dtor.o)
 .bss.__dso_handle
                0x00000000        0x4 C:/NXP/S32DS_ARM_v1.3/S32DS/arm_ewl2/lib/armv7e-m\librt.a(gcc_ctor_dtor.o)
 .debug_info    0x00000000      0x14a C:/NXP/S32DS_ARM_v1.3/S32DS/arm_ewl2/lib/armv7e-m\librt.a(gcc_ctor_dtor.o)
 .debug_abbrev  0x00000000       0xae C:/NXP/S32DS_ARM_v1.3/S32DS/arm_ewl2/lib/armv7e-m\librt.a(gcc_ctor_dtor.o)
 .debug_loc     0x00000000       0x9d C:/NXP/S32DS_ARM_v1.3/S32DS/arm_ewl2/lib/armv7e-m\librt.a(gcc_ctor_dtor.o)
 .debug_aranges
                0x00000000       0x30 C:/NXP/S32DS_ARM_v1.3/S32DS/arm_ewl2/lib/armv7e-m\librt.a(gcc_ctor_dtor.o)
 .debug_line    0x00000000       0x74 C:/NXP/S32DS_ARM_v1.3/S32DS/arm_ewl2/lib/armv7e-m\librt.a(gcc_ctor_dtor.o)
 .debug_str     0x00000000      0x294 C:/NXP/S32DS_ARM_v1.3/S32DS/arm_ewl2/lib/armv7e-m\librt.a(gcc_ctor_dtor.o)
 .comment       0x00000000       0x71 C:/NXP/S32DS_ARM_v1.3/S32DS/arm_ewl2/lib/armv7e-m\librt.a(gcc_ctor_dtor.o)
 .debug_frame   0x00000000       0x50 C:/NXP/S32DS_ARM_v1.3/S32DS/arm_ewl2/lib/armv7e-m\librt.a(gcc_ctor_dtor.o)
 .ARM.attributes
                0x00000000       0x33 C:/NXP/S32DS_ARM_v1.3/S32DS/arm_ewl2/lib/armv7e-m\librt.a(gcc_ctor_dtor.o)
 .text          0x00000000        0x0 C:/NXP/S32DS_ARM_v1.3/S32DS/arm_ewl2/lib/armv7e-m\librt.a(__arm_eabi_init.o)
 .data          0x00000000        0x0 C:/NXP/S32DS_ARM_v1.3/S32DS/arm_ewl2/lib/armv7e-m\librt.a(__arm_eabi_init.o)
 .bss           0x00000000        0x0 C:/NXP/S32DS_ARM_v1.3/S32DS/arm_ewl2/lib/armv7e-m\librt.a(__arm_eabi_init.o)
 .text.__destroy_global_chain
                0x00000000       0x18 C:/NXP/S32DS_ARM_v1.3/S32DS/arm_ewl2/lib/armv7e-m\librt.a(__arm_eabi_init.o)
 .text.__register_global_object
                0x00000000       0x14 C:/NXP/S32DS_ARM_v1.3/S32DS/arm_ewl2/lib/armv7e-m\librt.a(__arm_eabi_init.o)
 .text.__cxa_atexit
                0x00000000       0x38 C:/NXP/S32DS_ARM_v1.3/S32DS/arm_ewl2/lib/armv7e-m\librt.a(__arm_eabi_init.o)
 .text.__aeabi_atexit
                0x00000000        0xa C:/NXP/S32DS_ARM_v1.3/S32DS/arm_ewl2/lib/armv7e-m\librt.a(__arm_eabi_init.o)
 .text.__register_atexit
                0x00000000        0x8 C:/NXP/S32DS_ARM_v1.3/S32DS/arm_ewl2/lib/armv7e-m\librt.a(__arm_eabi_init.o)
 .text.__init_registers
                0x00000000       0x20 C:/NXP/S32DS_ARM_v1.3/S32DS/arm_ewl2/lib/armv7e-m\librt.a(__arm_eabi_init.o)
 .text.__init_hardware
                0x00000000        0x4 C:/NXP/S32DS_ARM_v1.3/S32DS/arm_ewl2/lib/armv7e-m\librt.a(__arm_eabi_init.o)
 .text.__init_user
                0x00000000        0x4 C:/NXP/S32DS_ARM_v1.3/S32DS/arm_ewl2/lib/armv7e-m\librt.a(__arm_eabi_init.o)
 .bss.atexit_curr_func
                0x00000000        0x4 C:/NXP/S32DS_ARM_v1.3/S32DS/arm_ewl2/lib/armv7e-m\librt.a(__arm_eabi_init.o)
 .bss.atexit_funcs
                0x00000000      0x300 C:/NXP/S32DS_ARM_v1.3/S32DS/arm_ewl2/lib/armv7e-m\librt.a(__arm_eabi_init.o)
 .bss.__global_destructor_chain
                0x00000000        0x4 C:/NXP/S32DS_ARM_v1.3/S32DS/arm_ewl2/lib/armv7e-m\librt.a(__arm_eabi_init.o)
 .debug_info    0x00000000      0x2b3 C:/NXP/S32DS_ARM_v1.3/S32DS/arm_ewl2/lib/armv7e-m\librt.a(__arm_eabi_init.o)
 .debug_abbrev  0x00000000      0x1d3 C:/NXP/S32DS_ARM_v1.3/S32DS/arm_ewl2/lib/armv7e-m\librt.a(__arm_eabi_init.o)
 .debug_loc     0x00000000      0x144 C:/NXP/S32DS_ARM_v1.3/S32DS/arm_ewl2/lib/armv7e-m\librt.a(__arm_eabi_init.o)
 .debug_aranges
                0x00000000       0x58 C:/NXP/S32DS_ARM_v1.3/S32DS/arm_ewl2/lib/armv7e-m\librt.a(__arm_eabi_init.o)
 .debug_line    0x00000000      0x107 C:/NXP/S32DS_ARM_v1.3/S32DS/arm_ewl2/lib/armv7e-m\librt.a(__arm_eabi_init.o)
 .debug_str     0x00000000      0x2bb C:/NXP/S32DS_ARM_v1.3/S32DS/arm_ewl2/lib/armv7e-m\librt.a(__arm_eabi_init.o)
 .comment       0x00000000       0x71 C:/NXP/S32DS_ARM_v1.3/S32DS/arm_ewl2/lib/armv7e-m\librt.a(__arm_eabi_init.o)
 .debug_frame   0x00000000       0xac C:/NXP/S32DS_ARM_v1.3/S32DS/arm_ewl2/lib/armv7e-m\librt.a(__arm_eabi_init.o)
 .ARM.attributes
                0x00000000       0x33 C:/NXP/S32DS_ARM_v1.3/S32DS/arm_ewl2/lib/armv7e-m\librt.a(__arm_eabi_init.o)
 .text          0x00000000        0x0 C:/NXP/S32DS_ARM_v1.3/S32DS/arm_ewl2/lib/armv7e-m\librt.a(ROMCopy.o)
 .data          0x00000000        0x0 C:/NXP/S32DS_ARM_v1.3/S32DS/arm_ewl2/lib/armv7e-m\librt.a(ROMCopy.o)
 .bss           0x00000000        0x0 C:/NXP/S32DS_ARM_v1.3/S32DS/arm_ewl2/lib/armv7e-m\librt.a(ROMCopy.o)
 .text.__flush_cache
                0x00000000        0x2 C:/NXP/S32DS_ARM_v1.3/S32DS/arm_ewl2/lib/armv7e-m\librt.a(ROMCopy.o)
 .text.__copy_rom_section
                0x00000000       0x42 C:/NXP/S32DS_ARM_v1.3/S32DS/arm_ewl2/lib/armv7e-m\librt.a(ROMCopy.o)
 .text.__copy_rom_sections_to_ram
                0x00000000       0x28 C:/NXP/S32DS_ARM_v1.3/S32DS/arm_ewl2/lib/armv7e-m\librt.a(ROMCopy.o)
 .debug_info    0x00000000      0x20e C:/NXP/S32DS_ARM_v1.3/S32DS/arm_ewl2/lib/armv7e-m\librt.a(ROMCopy.o)
 .debug_abbrev  0x00000000      0x11f C:/NXP/S32DS_ARM_v1.3/S32DS/arm_ewl2/lib/armv7e-m\librt.a(ROMCopy.o)
 .debug_loc     0x00000000       0xb3 C:/NXP/S32DS_ARM_v1.3/S32DS/arm_ewl2/lib/armv7e-m\librt.a(ROMCopy.o)
 .debug_aranges
                0x00000000       0x30 C:/NXP/S32DS_ARM_v1.3/S32DS/arm_ewl2/lib/armv7e-m\librt.a(ROMCopy.o)
 .debug_line    0x00000000       0x9e C:/NXP/S32DS_ARM_v1.3/S32DS/arm_ewl2/lib/armv7e-m\librt.a(ROMCopy.o)
 .debug_str     0x00000000      0x239 C:/NXP/S32DS_ARM_v1.3/S32DS/arm_ewl2/lib/armv7e-m\librt.a(ROMCopy.o)
 .comment       0x00000000       0x71 C:/NXP/S32DS_ARM_v1.3/S32DS/arm_ewl2/lib/armv7e-m\librt.a(ROMCopy.o)
 .debug_frame   0x00000000       0x48 C:/NXP/S32DS_ARM_v1.3/S32DS/arm_ewl2/lib/armv7e-m\librt.a(ROMCopy.o)
 .ARM.attributes
                0x00000000       0x33 C:/NXP/S32DS_ARM_v1.3/S32DS/arm_ewl2/lib/armv7e-m\librt.a(ROMCopy.o)
 .text          0x00000000        0x0 C:/NXP/S32DS_ARM_v1.3/S32DS/arm_ewl2/lib/armv7e-m/__arm_end.o
 .data          0x00000000        0x0 C:/NXP/S32DS_ARM_v1.3/S32DS/arm_ewl2/lib/armv7e-m/__arm_end.o
 .bss           0x00000000        0x0 C:/NXP/S32DS_ARM_v1.3/S32DS/arm_ewl2/lib/armv7e-m/__arm_end.o
 .text._ExitProcess
                0x00000000        0x2 C:/NXP/S32DS_ARM_v1.3/S32DS/arm_ewl2/lib/armv7e-m/__arm_end.o
 .debug_info    0x00000000       0x4e C:/NXP/S32DS_ARM_v1.3/S32DS/arm_ewl2/lib/armv7e-m/__arm_end.o
 .debug_abbrev  0x00000000       0x4a C:/NXP/S32DS_ARM_v1.3/S32DS/arm_ewl2/lib/armv7e-m/__arm_end.o
 .debug_aranges
                0x00000000       0x20 C:/NXP/S32DS_ARM_v1.3/S32DS/arm_ewl2/lib/armv7e-m/__arm_end.o
 .debug_line    0x00000000       0x45 C:/NXP/S32DS_ARM_v1.3/S32DS/arm_ewl2/lib/armv7e-m/__arm_end.o
 .debug_str     0x00000000      0x1ad C:/NXP/S32DS_ARM_v1.3/S32DS/arm_ewl2/lib/armv7e-m/__arm_end.o
 .comment       0x00000000       0x71 C:/NXP/S32DS_ARM_v1.3/S32DS/arm_ewl2/lib/armv7e-m/__arm_end.o
 .debug_frame   0x00000000       0x20 C:/NXP/S32DS_ARM_v1.3/S32DS/arm_ewl2/lib/armv7e-m/__arm_end.o
 .ARM.attributes
                0x00000000       0x33 C:/NXP/S32DS_ARM_v1.3/S32DS/arm_ewl2/lib/armv7e-m/__arm_end.o

Memory Configuration

Name             Origin             Length             Attributes
m_interrupts     0x00000000         0x00000400         xr
m_flash_config   0x00000400         0x00000010         xr
m_text           0x00000410         0x0007fbf0         xr
m_data           0x1fff8000         0x00008000         rw
m_data_2         0x20000000         0x00007000         rw
*default*        0x00000000         0xffffffff

Linker script and memory map

LOAD C:/NXP/S32DS_ARM_v1.3/S32DS/arm_ewl2/lib/armv7e-m/__arm_start.o
LOAD ./Project_Settings/Startup_Code/system_S32K144.o
LOAD ./Project_Settings/Startup_Code/startup_S32K144.o
LOAD ./Project_Settings/Startup_Code/startup.o
LOAD ./src/xmodem.o
LOAD ./src/sbc_uja1169_driver.o
LOAD ./src/sbc_uja11691.o
LOAD ./src/main.o
LOAD ./src/flash_driver.o
LOAD ./src/flash.o
LOAD ./src/crc16.o
LOAD ./src/config.o
LOAD ./src/clocks_and_modes.o
LOAD ./src/LPSPI.o
LOAD ./src/FlexCAN.o
START GROUP
LOAD C:/NXP/S32DS_ARM_v1.3/S32DS/arm_ewl2/lib/armv7e-m\libc99.a
LOAD C:/NXP/S32DS_ARM_v1.3/S32DS/arm_ewl2/lib/armv7e-m\libm.a
LOAD c:/nxp/s32ds_arm_v1.3/cross_tools/gcc-arm-none-eabi-4_9/bin/../lib/gcc/arm-none-eabi/4.9.3/armv7e-m\libgcc.a
LOAD C:/NXP/S32DS_ARM_v1.3/S32DS/arm_ewl2/lib/armv7e-m\librt.a
END GROUP
LOAD C:/NXP/S32DS_ARM_v1.3/S32DS/arm_ewl2/lib/armv7e-m/__arm_end.o
                0x00000400                HEAP_SIZE = DEFINED (__heap_size__)?__heap_size__:0x400
                0x00000400                STACK_SIZE = DEFINED (__stack_size__)?__stack_size__:0x400
                0x00000400                M_VECTOR_RAM_SIZE = DEFINED (__flash_vector_table__)?0x0:0x400

.interrupts     0x00000000      0x400
                0x00000000                __VECTOR_TABLE = .
                0x00000000                . = ALIGN (0x4)
 *(.isr_vector)
 .isr_vector    0x00000000      0x400 ./Project_Settings/Startup_Code/startup_S32K144.o
                0x00000000                __isr_vector
                0x00000400                . = ALIGN (0x4)

.flash_config   0x00000400       0x10
                0x00000400                . = ALIGN (0x4)
 *(.FlashConfig)
 .FlashConfig   0x00000400       0x10 ./Project_Settings/Startup_Code/startup_S32K144.o
                0x00000410                . = ALIGN (0x4)

.text           0x00000410     0x1bf8
                0x00000410                . = ALIGN (0x4)
 *(.text)
 .text          0x00000410       0x44 ./Project_Settings/Startup_Code/startup_S32K144.o
                0x00000410                Reset_Handler
                0x00000450                DebugMon_Handler
                0x00000450                Reserved88_IRQHandler
                0x00000450                CAN0_ORed_IRQHandler
                0x00000450                HardFault_Handler
                0x00000450                Reserved86_IRQHandler
                0x00000450                Reserved103_IRQHandler
                0x00000450                SysTick_Handler
                0x00000450                FTM2_Ovf_Reload_IRQHandler
                0x00000450                Reserved50_IRQHandler
                0x00000450                FTFC_Fault_IRQHandler
                0x00000450                FTM0_Ch6_Ch7_IRQHandler
                0x00000450                Reserved114_IRQHandler
                0x00000450                PendSV_Handler
                0x00000450                NMI_Handler
                0x00000450                Reserved89_IRQHandler
                0x00000450                ERM_double_fault_IRQHandler
                0x00000450                DMA2_IRQHandler
                0x00000450                Reserved59_IRQHandler
                0x00000450                LPIT0_Ch0_IRQHandler
                0x00000450                Reserved99_IRQHandler
                0x00000450                FTM3_Ch6_Ch7_IRQHandler
                0x00000450                CAN2_ORed_0_15_MB_IRQHandler
                0x00000450                LPIT0_Ch3_IRQHandler
                0x00000450                Reserved92_IRQHandler
                0x00000450                FTM0_Ch4_Ch5_IRQHandler
                0x00000450                CAN1_Error_IRQHandler
                0x00000450                FTM3_Ch0_Ch1_IRQHandler
                0x00000450                SWI_IRQHandler
                0x00000450                ADC0_IRQHandler
                0x00000450                FTM2_Ch4_Ch5_IRQHandler
                0x00000450                UsageFault_Handler
                0x00000450                FTM0_Ovf_Reload_IRQHandler
                0x00000450                DefaultISR
                0x00000450                DMA9_IRQHandler
                0x00000450                Reserved58_IRQHandler
                0x00000450                CAN1_ORed_0_15_MB_IRQHandler
                0x00000450                FTM1_Ch2_Ch3_IRQHandler
                0x00000450                DMA14_IRQHandler
                0x00000450                Reserved82_IRQHandler
                0x00000450                CAN0_ORed_16_31_MB_IRQHandler
                0x00000450                LPI2C0_Slave_IRQHandler
                0x00000450                Reserved71_IRQHandler
                0x00000450                PORTD_IRQHandler
                0x00000450                Reserved69_IRQHandler
                0x00000450                PORTB_IRQHandler
                0x00000450                Reserved70_IRQHandler
                0x00000450                ADC1_IRQHandler
                0x00000450                FTM2_Ch2_Ch3_IRQHandler
                0x00000450                Reserved53_IRQHandler
                0x00000450                DMA5_IRQHandler
                0x00000450                RTC_IRQHandler
                0x00000450                PDB0_IRQHandler
                0x00000450                Reserved54_IRQHandler
                0x00000450                FTM2_Ch6_Ch7_IRQHandler
                0x00000450                FTM3_Ch2_Ch3_IRQHandler
                0x00000450                FTM2_Ch0_Ch1_IRQHandler
                0x00000450                LPSPI1_IRQHandler
                0x00000450                LPUART1_RxTx_IRQHandler
                0x00000450                RTC_Seconds_IRQHandler
                0x00000450                CAN2_ORed_IRQHandler
                0x00000450                Reserved72_IRQHandler
                0x00000450                Reserved110_IRQHandler
                0x00000450                DMA11_IRQHandler
                0x00000450                Reserved107_IRQHandler
                0x00000450                Read_Collision_IRQHandler
                0x00000450                CAN2_Error_IRQHandler
                0x00000450                DMA7_IRQHandler
                0x00000450                FTM1_Ch6_Ch7_IRQHandler
                0x00000450                Reserved105_IRQHandler
                0x00000450                LPIT0_Ch1_IRQHandler
                0x00000450                FTM1_Ch4_Ch5_IRQHandler
                0x00000450                FTM3_Ovf_Reload_IRQHandler
                0x00000450                LPUART2_RxTx_IRQHandler
                0x00000450                LPSPI0_IRQHandler
                0x00000450                WDOG_EWM_IRQHandler
                0x00000450                MemManage_Handler
                0x00000450                Reserved90_IRQHandler
                0x00000450                Reserved83_IRQHandler
                0x00000450                FTM0_Fault_IRQHandler
                0x00000450                Reserved48_IRQHandler
                0x00000450                SVC_Handler
                0x00000450                ERM_single_fault_IRQHandler
                0x00000450                FTM2_Fault_IRQHandler
                0x00000450                FTM0_Ch2_Ch3_IRQHandler
                0x00000450                DMA13_IRQHandler
                0x00000450                FTM0_Ch0_Ch1_IRQHandler
                0x00000450                FTM3_Fault_IRQHandler
                0x00000450                RCM_IRQHandler
                0x00000450                DMA3_IRQHandler
                0x00000450                Reserved100_IRQHandler
                0x00000450                DMA0_IRQHandler
                0x00000450                Reserved91_IRQHandler
                0x00000450                CAN1_ORed_IRQHandler
                0x00000450                DMA15_IRQHandler
                0x00000450                SCG_IRQHandler
                0x00000450                PDB1_IRQHandler
                0x00000450                Reserved81_IRQHandler
                0x00000450                Reserved46_IRQHandler
                0x00000450                Reserved45_IRQHandler
                0x00000450                CAN0_Error_IRQHandler
                0x00000450                Reserved112_IRQHandler
                0x00000450                LPI2C0_Master_IRQHandler
                0x00000450                DMA4_IRQHandler
                0x00000450                FTM1_Fault_IRQHandler
                0x00000450                Reserved106_IRQHandler
                0x00000450                DMA_Error_IRQHandler
                0x00000450                LVD_LVW_IRQHandler
                0x00000450                LPIT0_Ch2_IRQHandler
                0x00000450                PORTA_IRQHandler
                0x00000450                MCM_IRQHandler
                0x00000450                LPSPI2_IRQHandler
                0x00000450                DMA12_IRQHandler
                0x00000450                FTM3_Ch4_Ch5_IRQHandler
                0x00000450                CAN0_ORed_0_15_MB_IRQHandler
                0x00000450                PORTE_IRQHandler
                0x00000450                LPUART0_RxTx_IRQHandler
                0x00000450                LPTMR0_IRQHandler
                0x00000450                BusFault_Handler
                0x00000450                Reserved87_IRQHandler
                0x00000450                FTM1_Ovf_Reload_IRQHandler
                0x00000450                DMA8_IRQHandler
                0x00000450                Reserved93_IRQHandler
                0x00000450                DMA10_IRQHandler
                0x00000450                CAN0_Wake_Up_IRQHandler
                0x00000450                CMP0_IRQHandler
                0x00000450                Reserved52_IRQHandler
                0x00000450                PORTC_IRQHandler
                0x00000450                DMA6_IRQHandler
                0x00000450                FTM1_Ch0_Ch1_IRQHandler
                0x00000450                FLEXIO_IRQHandler
                0x00000450                DMA1_IRQHandler
                0x00000450                Reserved113_IRQHandler
 *(.text*)
 .text.SystemInit
                0x00000454       0x30 ./Project_Settings/Startup_Code/system_S32K144.o
                0x00000454                SystemInit
 .text.init_data_bss
                0x00000484       0xf4 ./Project_Settings/Startup_Code/startup.o
                0x00000484                init_data_bss
 .text.read_bytes
                0x00000578       0x60 ./src/xmodem.o
 .text.read_packet
                0x000005d8       0x9c ./src/xmodem.o
 .text.xmodem_write_image
                0x00000674       0x5c ./src/xmodem.o
 .text.xmodem_init
                0x000006d0       0x2c ./src/xmodem.o
                0x000006d0                xmodem_init
 .text.xmodem_is_active
                0x000006fc       0x24 ./src/xmodem.o
                0x000006fc                xmodem_is_active
 .text.xmodem_queue_byte
                0x00000720       0x38 ./src/xmodem.o
                0x00000720                xmodem_queue_byte
 .text.xmodem_putchar
                0x00000758       0x30 ./src/xmodem.o
                0x00000758                xmodem_putchar
 .text.xmodem_getchar_present
                0x00000788       0x28 ./src/xmodem.o
                0x00000788                xmodem_getchar_present
 .text.xmodem_download
                0x000007b0      0x130 ./src/xmodem.o
                0x000007b0                xmodem_download
 .text.SBC_Init
                0x000008e0      0x100 ./src/sbc_uja1169_driver.o
                0x000008e0                SBC_Init
 .text.SBC_SetVreg
                0x000009e0       0x8c ./src/sbc_uja1169_driver.o
                0x000009e0                SBC_SetVreg
 .text.SBC_SetWatchdog
                0x00000a6c       0xdc ./src/sbc_uja1169_driver.o
                0x00000a6c                SBC_SetWatchdog
 .text.SBC_SetMode
                0x00000b48       0x90 ./src/sbc_uja1169_driver.o
                0x00000b48                SBC_SetMode
 .text.SBC_GetMode
                0x00000bd8       0x50 ./src/sbc_uja1169_driver.o
                0x00000bd8                SBC_GetMode
 .text.SBC_SetFailSafe
                0x00000c28       0x84 ./src/sbc_uja1169_driver.o
                0x00000c28                SBC_SetFailSafe
 .text.SBC_SetSystemEvents
                0x00000cac       0x48 ./src/sbc_uja1169_driver.o
                0x00000cac                SBC_SetSystemEvents
 .text.SBC_SetLock
                0x00000cf4       0x40 ./src/sbc_uja1169_driver.o
                0x00000cf4                SBC_SetLock
 .text.SBC_SetCanConfig
                0x00000d34       0xc4 ./src/sbc_uja1169_driver.o
                0x00000d34                SBC_SetCanConfig
 .text.SBC_SetWakePin
                0x00000df8       0x48 ./src/sbc_uja1169_driver.o
                0x00000df8                SBC_SetWakePin
 .text.SBC_GetEventsStatus
                0x00000e40      0x1c0 ./src/sbc_uja1169_driver.o
                0x00000e40                SBC_GetEventsStatus
 .text.SBC_CleanEvents
                0x00001000      0x148 ./src/sbc_uja1169_driver.o
                0x00001000                SBC_CleanEvents
 .text.SBC_DataTransfer
                0x00001148       0x94 ./src/sbc_uja1169_driver.o
                0x00001148                SBC_DataTransfer
 .text.sbc_write_can_others
                0x000011dc       0xcc ./src/sbc_uja1169_driver.o
 .text.sbc_clean_events_status
                0x000012a8       0x60 ./src/sbc_uja1169_driver.o
 .text.main     0x00001308       0xe0 ./src/main.o
                0x00001308                main
 .text.bootup_application
                0x000013e8       0x48 ./src/main.o
                0x000013e8                bootup_application
 .text.FLASH_DRV_GetDEPartitionCode
                0x00001430      0x110 ./src/flash_driver.o
 .text.FLASH_DRV_Init
                0x00001540       0x74 ./src/flash_driver.o
                0x00001540                FLASH_DRV_Init
 .text.FLASH_DRV_EraseSector
                0x000015b4       0xec ./src/flash_driver.o
                0x000015b4                FLASH_DRV_EraseSector
 .text.FLASH_DRV_Program
                0x000016a0      0x100 ./src/flash_driver.o
                0x000016a0                FLASH_DRV_Program
 .text.flash_init
                0x000017a0       0x3c ./src/flash.o
                0x000017a0                flash_init
 .text.flash_erase_sector
                0x000017dc       0x4c ./src/flash.o
                0x000017dc                flash_erase_sector
 .text.flash_program_data
                0x00001828       0x40 ./src/flash.o
                0x00001828                flash_program_data
 .text.FTFC_IRQHandler
                0x00001868       0x24 ./src/flash.o
                0x00001868                FTFC_IRQHandler
 .text.crc16_init
                0x0000188c       0x18 ./src/crc16.o
                0x0000188c                crc16_init
 .text.crc16_update
                0x000018a4       0x80 ./src/crc16.o
                0x000018a4                crc16_update
 .text.crc16_finalize
                0x00001924       0x1c ./src/crc16.o
                0x00001924                crc16_finalize
 .text.WDOG_disable
                0x00001940       0x2c ./src/config.o
                0x00001940                WDOG_disable
 .text.PORT_init
                0x0000196c       0xe4 ./src/config.o
                0x0000196c                PORT_init
 .text.is_enter_triggered
                0x00001a50       0x40 ./src/config.o
                0x00001a50                is_enter_triggered
 .text.SOSC_init_8MHz
                0x00001a90       0x4c ./src/clocks_and_modes.o
                0x00001a90                SOSC_init_8MHz
 .text.SPLL_init_160MHz
                0x00001adc       0x64 ./src/clocks_and_modes.o
                0x00001adc                SPLL_init_160MHz
 .text.NormalRUNmode_80MHz
                0x00001b40       0x20 ./src/clocks_and_modes.o
                0x00001b40                NormalRUNmode_80MHz
 .text.LPSPI1_init_master
                0x00001b60       0x64 ./src/LPSPI.o
                0x00001b60                LPSPI1_init_master
 .text.LPSPI1_transmit_16bits
                0x00001bc4       0x38 ./src/LPSPI.o
                0x00001bc4                LPSPI1_transmit_16bits
 .text.LPSPI1_receive_16bits
                0x00001bfc       0x40 ./src/LPSPI.o
                0x00001bfc                LPSPI1_receive_16bits
 .text.FLEXCAN0_init
                0x00001c3c       0xf4 ./src/FlexCAN.o
                0x00001c3c                FLEXCAN0_init
 .text.flexcan0_receive_frame
                0x00001d30      0x13c ./src/FlexCAN.o
                0x00001d30                flexcan0_receive_frame
 .text.flexcan_send_frame
                0x00001e6c       0x4c ./src/FlexCAN.o
                0x00001e6c                flexcan_send_frame
 .text.flexcan_send_data
                0x00001eb8       0x98 ./src/FlexCAN.o
                0x00001eb8                flexcan_send_data
 .text.flexcan0_receive_data
                0x00001f50       0x44 ./src/FlexCAN.o
                0x00001f50                flexcan0_receive_data
 .text.memcpy   0x00001f94       0x16 C:/NXP/S32DS_ARM_v1.3/S32DS/arm_ewl2/lib/armv7e-m\libc99.a(memcpy.o)
                0x00001f94                memcpy
 *fill*         0x00001faa        0x6 
 .text.memcpy.__stub
                0x00001fb0       0x10 linker stubs
 *(.rodata)
 *fill*         0x00001fc0        0x0 
 .rodata        0x00001fc0        0x8 ./src/main.o
 *(.rodata*)
 .rodata.sbc_uja11691_InitConfig0
                0x00001fc8       0x2a ./src/sbc_uja11691.o
                0x00001fc8                sbc_uja11691_InitConfig0
 *fill*         0x00001ff2        0x2 
 .rodata.Flash_InitConfig0
                0x00001ff4       0x14 ./src/flash.o
                0x00001ff4                Flash_InitConfig0
 *(.glue_7)
 .glue_7        0x00000000        0x0 linker stubs
 *(.glue_7t)
 .glue_7t       0x00000000        0x0 linker stubs
 *(.eh_frame)
 *(.init)
 *(.fini)
                0x00002008                . = ALIGN (0x4)

.vfp11_veneer   0x00002008        0x0
 .vfp11_veneer  0x00000000        0x0 linker stubs

.v4_bx          0x00002008        0x0
 .v4_bx         0x00000000        0x0 linker stubs

.iplt           0x00002008        0x0
 .iplt          0x00000000        0x0 C:/NXP/S32DS_ARM_v1.3/S32DS/arm_ewl2/lib/armv7e-m/__arm_start.o

.ARM.extab
 *(.ARM.extab* .gnu.linkonce.armextab.*)

.ARM            0x00002008        0x0
                0x00002008                __exidx_start = .
 *(.ARM.exidx*)
                0x00002008                __exidx_end = .

.ctors          0x00002008        0x0
                0x00002008                __CTOR_LIST__ = .
 *crtbegin.o(.ctors)
 *crtbegin?.o(.ctors)
 *(EXCLUDE_FILE(*crtend.o *crtend?.o) .ctors)
 *(SORT(.ctors.*))
 *(.ctors)
                0x00002008                __CTOR_END__ = .

.dtors          0x00002008        0x0
                0x00002008                __DTOR_LIST__ = .
 *crtbegin.o(.dtors)
 *crtbegin?.o(.dtors)
 *(EXCLUDE_FILE(*crtend.o *crtend?.o) .dtors)
 *(SORT(.dtors.*))
 *(.dtors)
                0x00002008                __DTOR_END__ = .

.preinit_array  0x00002008        0x0
                0x00002008                PROVIDE (__preinit_array_start, .)
 *(.preinit_array*)
                0x00002008                PROVIDE (__preinit_array_end, .)

.init_array     0x00002008        0x0
                0x00002008                PROVIDE (__init_array_start, .)
 *(SORT(.init_array.*))
 *(.init_array*)
                0x00002008                PROVIDE (__init_array_end, .)

.fini_array     0x00002008        0x0
                0x00002008                PROVIDE (__fini_array_start, .)
 *(SORT(.fini_array.*))
 *(.fini_array*)
                0x00002008                PROVIDE (__fini_array_end, .)
                0x00002008                __etext = .
                0x00002008                __DATA_ROM = .

.interrupts_ram
                0x1fff8000      0x400
                0x1fff8000                . = ALIGN (0x4)
                0x1fff8000                __VECTOR_RAM__ = .
                0x1fff8000                __interrupts_ram_start__ = .
 *(.m_interrupts_ram)
                0x1fff8400                . = (. + M_VECTOR_RAM_SIZE)
 *fill*         0x1fff8000      0x400 
                0x1fff8400                . = ALIGN (0x4)
                0x1fff8400                __interrupts_ram_end__ = .
                0x1fff8000                __VECTOR_RAM = DEFINED (__flash_vector_table__)?ORIGIN (m_interrupts):__VECTOR_RAM__
                0x00000400                __RAM_VECTOR_TABLE_SIZE = DEFINED (__flash_vector_table__)?0x0:(__interrupts_ram_end__ - __interrupts_ram_start__)

.data           0x1fff8400        0x0 load address 0x00002008
                0x1fff8400                . = ALIGN (0x4)
                0x1fff8400                __DATA_RAM = .
                0x1fff8400                __data_start__ = .
 *(.data)
 *(.data*)
 *(.jcr*)
                0x1fff8400                . = ALIGN (0x4)
                0x1fff8400                __data_end__ = .
                0x00002008                __DATA_END = (__DATA_ROM + (__data_end__ - __data_start__))
                0x00002008                __CODE_ROM = __DATA_END

.igot.plt       0x1fff8400        0x0
 .igot.plt      0x00000000        0x0 C:/NXP/S32DS_ARM_v1.3/S32DS/arm_ewl2/lib/armv7e-m/__arm_start.o

.code           0x1fff8400       0x8c load address 0x00002008
                0x1fff8400                . = ALIGN (0x4)
                0x1fff8400                __CODE_RAM = .
                0x1fff8400                __code_start__ = .
 *(.code_ram)
 .code_ram      0x1fff8400       0x5c ./src/flash_driver.o
 .code_ram      0x1fff845c       0x30 ./src/flash.o
                0x1fff845c                CCIF_Callback
                0x1fff848c                . = ALIGN (0x4)
                0x1fff848c                __code_end__ = .
                0x00002094                __CODE_END = (__CODE_ROM + (__code_end__ - __code_start__))

.rel.dyn        0x1fff848c        0x0 load address 0x00002094
 .rel.iplt      0x00000000        0x0 C:/NXP/S32DS_ARM_v1.3/S32DS/arm_ewl2/lib/armv7e-m/__arm_start.o

.customSectionBlock
 *(.customSection)

.bss            0x20000000     0x115c
                0x20000000                . = ALIGN (0x4)
                0x20000000                __BSS_START = .
                0x20000000                __bss_start__ = .
 *(.bss)
 *(.bss*)
 .bss.callback_buffer
                0x20000000      0x100 ./src/xmodem.o
 .bss.readOffset
                0x20000100        0x4 ./src/xmodem.o
 .bss.writeOffset
                0x20000104        0x4 ./src/xmodem.o
 .bss.abuf.5232
                0x20000108     0x1000 ./src/xmodem.o
 .bss.g_drvConfig
                0x20001108        0xc ./src/sbc_uja1169_driver.o
 .bss.jump_to_application.5725
                0x20001114        0x4 ./src/main.o
 .bss.stack_pointer.5726
                0x20001118        0x4 ./src/main.o
 *(COMMON)
 COMMON         0x2000111c        0x4 ./src/xmodem.o
                0x2000111c                flash_app_addr
 COMMON         0x20001120       0x22 ./src/flash.o
                0x20001120                pCallBack
                0x20001124                flashSSDConfig
                0x20001140                ret
 *fill*         0x20001142        0x2 
 COMMON         0x20001144       0x18 ./src/FlexCAN.o
                0x20001144                RxDATA
                0x2000114c                RxID
                0x20001150                RxLENGTH
                0x20001154                RxCODE
                0x20001158                RxTIMESTAMP
                0x2000115c                . = ALIGN (0x4)
                0x2000115c                __bss_end__ = .
                0x2000115c                __BSS_END = .

.heap           0x2000115c      0x404
                0x20001160                . = ALIGN (0x8)
 *fill*         0x2000115c        0x4 
                0x20001160                __end__ = .
                0x20001160                PROVIDE (end, .)
                0x20001160                PROVIDE (_end, .)
                0x20001160                PROVIDE (__end, .)
                0x20001160                __HeapBase = .
                0x20001560                . = (. + HEAP_SIZE)
 *fill*         0x20001160      0x400 
                0x20001560                __HeapLimit = .
                0x20001560                __heap_limit = .

.stack          0x20001560      0x400
                0x20001560                . = ALIGN (0x8)
                0x20001960                . = (. + STACK_SIZE)
 *fill*         0x20001560      0x400 
                0x20007000                __StackTop = (ORIGIN (m_data_2) + 0x7000)
                0x20006c00                __StackLimit = (__StackTop - STACK_SIZE)
                0x20007000                PROVIDE (__stack, __StackTop)

.ARM.attributes
                0x00000000       0x31
 *(.ARM.attributes)
 .ARM.attributes
                0x00000000       0x33 ./Project_Settings/Startup_Code/system_S32K144.o
 .ARM.attributes
                0x00000033       0x1b ./Project_Settings/Startup_Code/startup_S32K144.o
 .ARM.attributes
                0x0000004e       0x33 ./Project_Settings/Startup_Code/startup.o
 .ARM.attributes
                0x00000081       0x33 ./src/xmodem.o
 .ARM.attributes
                0x000000b4       0x33 ./src/sbc_uja1169_driver.o
 .ARM.attributes
                0x000000e7       0x33 ./src/sbc_uja11691.o
 .ARM.attributes
                0x0000011a       0x33 ./src/main.o
 .ARM.attributes
                0x0000014d       0x33 ./src/flash_driver.o
 .ARM.attributes
                0x00000180       0x33 ./src/flash.o
 .ARM.attributes
                0x000001b3       0x33 ./src/crc16.o
 .ARM.attributes
                0x000001e6       0x33 ./src/config.o
 .ARM.attributes
                0x00000219       0x33 ./src/clocks_and_modes.o
 .ARM.attributes
                0x0000024c       0x33 ./src/LPSPI.o
 .ARM.attributes
                0x0000027f       0x33 ./src/FlexCAN.o
 .ARM.attributes
                0x000002b2       0x33 C:/NXP/S32DS_ARM_v1.3/S32DS/arm_ewl2/lib/armv7e-m\libc99.a(memcpy.o)
                0x00000001                ASSERT ((__StackLimit >= __HeapLimit), region m_data_2 overflowed with stack and heap)
OUTPUT(S32K_boot_b170718.elf elf32-littlearm)

.debug_info     0x00000000     0x715d
 .debug_info    0x00000000      0x500 ./Project_Settings/Startup_Code/system_S32K144.o
 .debug_info    0x00000500       0x91 ./Project_Settings/Startup_Code/startup_S32K144.o
 .debug_info    0x00000591      0x3eb ./Project_Settings/Startup_Code/startup.o
 .debug_info    0x0000097c      0x369 ./src/xmodem.o
 .debug_info    0x00000ce5     0x24b3 ./src/sbc_uja1169_driver.o
 .debug_info    0x00003198      0x7bf ./src/sbc_uja11691.o
 .debug_info    0x00003957      0xdc1 ./src/main.o
 .debug_info    0x00004718     0x10d2 ./src/flash_driver.o
 .debug_info    0x000057ea      0x864 ./src/flash.o
 .debug_info    0x0000604e      0x1b8 ./src/crc16.o
 .debug_info    0x00006206      0x299 ./src/config.o
 .debug_info    0x0000649f      0x269 ./src/clocks_and_modes.o
 .debug_info    0x00006708      0x2d4 ./src/LPSPI.o
 .debug_info    0x000069dc      0x670 ./src/FlexCAN.o
 .debug_info    0x0000704c      0x111 C:/NXP/S32DS_ARM_v1.3/S32DS/arm_ewl2/lib/armv7e-m\libc99.a(memcpy.o)

.debug_abbrev   0x00000000     0x1164
 .debug_abbrev  0x00000000      0x118 ./Project_Settings/Startup_Code/system_S32K144.o
 .debug_abbrev  0x00000118       0x14 ./Project_Settings/Startup_Code/startup_S32K144.o
 .debug_abbrev  0x0000012c      0x101 ./Project_Settings/Startup_Code/startup.o
 .debug_abbrev  0x0000022d      0x19e ./src/xmodem.o
 .debug_abbrev  0x000003cb      0x202 ./src/sbc_uja1169_driver.o
 .debug_abbrev  0x000005cd       0xbb ./src/sbc_uja11691.o
 .debug_abbrev  0x00000688      0x15e ./src/main.o
 .debug_abbrev  0x000007e6      0x216 ./src/flash_driver.o
 .debug_abbrev  0x000009fc      0x163 ./src/flash.o
 .debug_abbrev  0x00000b5f       0xc7 ./src/crc16.o
 .debug_abbrev  0x00000c26       0xe0 ./src/config.o
 .debug_abbrev  0x00000d06       0xc2 ./src/clocks_and_modes.o
 .debug_abbrev  0x00000dc8      0x132 ./src/LPSPI.o
 .debug_abbrev  0x00000efa      0x1d5 ./src/FlexCAN.o
 .debug_abbrev  0x000010cf       0x95 C:/NXP/S32DS_ARM_v1.3/S32DS/arm_ewl2/lib/armv7e-m\libc99.a(memcpy.o)

.debug_aranges  0x00000000      0x4c8
 .debug_aranges
                0x00000000       0x30 ./Project_Settings/Startup_Code/system_S32K144.o
 .debug_aranges
                0x00000030       0x20 ./Project_Settings/Startup_Code/startup_S32K144.o
 .debug_aranges
                0x00000050       0x20 ./Project_Settings/Startup_Code/startup.o
 .debug_aranges
                0x00000070       0x68 ./src/xmodem.o
 .debug_aranges
                0x000000d8      0x130 ./src/sbc_uja1169_driver.o
 .debug_aranges
                0x00000208       0x18 ./src/sbc_uja11691.o
 .debug_aranges
                0x00000220       0x28 ./src/main.o
 .debug_aranges
                0x00000248      0x108 ./src/flash_driver.o
 .debug_aranges
                0x00000350       0x40 ./src/flash.o
 .debug_aranges
                0x00000390       0x30 ./src/crc16.o
 .debug_aranges
                0x000003c0       0x30 ./src/config.o
 .debug_aranges
                0x000003f0       0x30 ./src/clocks_and_modes.o
 .debug_aranges
                0x00000420       0x38 ./src/LPSPI.o
 .debug_aranges
                0x00000458       0x50 ./src/FlexCAN.o
 .debug_aranges
                0x000004a8       0x20 C:/NXP/S32DS_ARM_v1.3/S32DS/arm_ewl2/lib/armv7e-m\libc99.a(memcpy.o)

.debug_ranges   0x00000000      0x3b0
 .debug_ranges  0x00000000       0x20 ./Project_Settings/Startup_Code/system_S32K144.o
 .debug_ranges  0x00000020       0x10 ./Project_Settings/Startup_Code/startup.o
 .debug_ranges  0x00000030       0x58 ./src/xmodem.o
 .debug_ranges  0x00000088      0x120 ./src/sbc_uja1169_driver.o
 .debug_ranges  0x000001a8       0x18 ./src/main.o
 .debug_ranges  0x000001c0       0xf8 ./src/flash_driver.o
 .debug_ranges  0x000002b8       0x30 ./src/flash.o
 .debug_ranges  0x000002e8       0x20 ./src/crc16.o
 .debug_ranges  0x00000308       0x20 ./src/config.o
 .debug_ranges  0x00000328       0x20 ./src/clocks_and_modes.o
 .debug_ranges  0x00000348       0x28 ./src/LPSPI.o
 .debug_ranges  0x00000370       0x40 ./src/FlexCAN.o

.debug_macro    0x00000000    0x1f63c
 .debug_macro   0x00000000       0xe9 ./Project_Settings/Startup_Code/system_S32K144.o
 .debug_macro   0x000000e9      0x868 ./Project_Settings/Startup_Code/system_S32K144.o
 .debug_macro   0x00000951       0x52 ./Project_Settings/Startup_Code/system_S32K144.o
 .debug_macro   0x000009a3       0xa0 ./Project_Settings/Startup_Code/system_S32K144.o
 .debug_macro   0x00000a43       0x16 ./Project_Settings/Startup_Code/system_S32K144.o
 .debug_macro   0x00000a59       0x10 ./Project_Settings/Startup_Code/system_S32K144.o
 .debug_macro   0x00000a69       0x7c ./Project_Settings/Startup_Code/system_S32K144.o
 .debug_macro   0x00000ae5       0x19 ./Project_Settings/Startup_Code/system_S32K144.o
 .debug_macro   0x00000afe       0x64 ./Project_Settings/Startup_Code/system_S32K144.o
 .debug_macro   0x00000b62      0x185 ./Project_Settings/Startup_Code/system_S32K144.o
 .debug_macro   0x00000ce7      0x140 ./Project_Settings/Startup_Code/system_S32K144.o
 .debug_macro   0x00000e27       0x9d ./Project_Settings/Startup_Code/system_S32K144.o
 .debug_macro   0x00000ec4       0x10 ./Project_Settings/Startup_Code/system_S32K144.o
 .debug_macro   0x00000ed4      0x15b ./Project_Settings/Startup_Code/system_S32K144.o
 .debug_macro   0x0000102f       0x28 ./Project_Settings/Startup_Code/system_S32K144.o
 .debug_macro   0x00001057       0x58 ./Project_Settings/Startup_Code/system_S32K144.o
 .debug_macro   0x000010af     0xdf8d ./Project_Settings/Startup_Code/system_S32K144.o
 .debug_macro   0x0000f03c      0x946 ./Project_Settings/Startup_Code/system_S32K144.o
 .debug_macro   0x0000f982       0x22 ./Project_Settings/Startup_Code/system_S32K144.o
 .debug_macro   0x0000f9a4       0x22 ./Project_Settings/Startup_Code/system_S32K144.o
 .debug_macro   0x0000f9c6       0xea ./Project_Settings/Startup_Code/startup.o
 .debug_macro   0x0000fab0      0x185 ./src/xmodem.o
 .debug_macro   0x0000fc35       0x1c ./src/xmodem.o
 .debug_macro   0x0000fc51     0xdfa2 ./src/xmodem.o
 .debug_macro   0x0001dbf3       0x10 ./src/xmodem.o
 .debug_macro   0x0001dc03       0x16 ./src/xmodem.o
 .debug_macro   0x0001dc19       0x16 ./src/xmodem.o
 .debug_macro   0x0001dc2f       0x16 ./src/xmodem.o
 .debug_macro   0x0001dc45       0x10 ./src/xmodem.o
 .debug_macro   0x0001dc55       0xee ./src/sbc_uja1169_driver.o
 .debug_macro   0x0001dd43      0x9a9 ./src/sbc_uja1169_driver.o
 .debug_macro   0x0001e6ec       0x1c ./src/sbc_uja1169_driver.o
 .debug_macro   0x0001e708       0xef ./src/sbc_uja11691.o
 .debug_macro   0x0001e7f7      0x151 ./src/main.o
 .debug_macro   0x0001e948       0x10 ./src/main.o
 .debug_macro   0x0001e958      0x12b ./src/flash_driver.o
 .debug_macro   0x0001ea83       0x16 ./src/flash_driver.o
 .debug_macro   0x0001ea99      0x1af ./src/flash_driver.o
 .debug_macro   0x0001ec48      0x505 ./src/flash_driver.o
 .debug_macro   0x0001f14d      0x140 ./src/flash.o
 .debug_macro   0x0001f28d       0xa1 ./src/crc16.o
 .debug_macro   0x0001f32e       0xf0 ./src/config.o
 .debug_macro   0x0001f41e       0xb0 ./src/clocks_and_modes.o
 .debug_macro   0x0001f4ce       0xb9 ./src/LPSPI.o
 .debug_macro   0x0001f587       0xb5 ./src/FlexCAN.o

.debug_line     0x00000000     0x2961
 .debug_line    0x00000000      0x26b ./Project_Settings/Startup_Code/system_S32K144.o
 .debug_line    0x0000026b       0x83 ./Project_Settings/Startup_Code/startup_S32K144.o
 .debug_line    0x000002ee      0x230 ./Project_Settings/Startup_Code/startup.o
 .debug_line    0x0000051e      0x351 ./src/xmodem.o
 .debug_line    0x0000086f      0x70c ./src/sbc_uja1169_driver.o
 .debug_line    0x00000f7b      0x1db ./src/sbc_uja11691.o
 .debug_line    0x00001156      0x2ab ./src/main.o
 .debug_line    0x00001401      0x773 ./src/flash_driver.o
 .debug_line    0x00001b74      0x2a2 ./src/flash.o
 .debug_line    0x00001e16      0x1bf ./src/crc16.o
 .debug_line    0x00001fd5      0x228 ./src/config.o
 .debug_line    0x000021fd      0x1f1 ./src/clocks_and_modes.o
 .debug_line    0x000023ee      0x208 ./src/LPSPI.o
 .debug_line    0x000025f6      0x2e3 ./src/FlexCAN.o
 .debug_line    0x000028d9       0x88 C:/NXP/S32DS_ARM_v1.3/S32DS/arm_ewl2/lib/armv7e-m\libc99.a(memcpy.o)

.debug_str      0x00000000    0x6cadf
 .debug_str     0x00000000    0x617e1 ./Project_Settings/Startup_Code/system_S32K144.o
                              0x6187c (size before relaxing)
 .debug_str     0x000617e1      0x120 ./Project_Settings/Startup_Code/startup.o
                              0x617b3 (size before relaxing)
 .debug_str     0x00061901      0x326 ./src/xmodem.o
                              0x61935 (size before relaxing)
 .debug_str     0x00061c27     0x7e6e ./src/sbc_uja1169_driver.o
                              0x65b4b (size before relaxing)
 .debug_str     0x00069a95       0x3f ./src/sbc_uja11691.o
                              0x63fec (size before relaxing)
 .debug_str     0x00069ad4      0x1de ./src/main.o
                              0x67c2e (size before relaxing)
 .debug_str     0x00069cb2     0x2332 ./src/flash_driver.o
                              0x63e16 (size before relaxing)
 .debug_str     0x0006bfe4      0x67c ./src/flash.o
                              0x63ed6 (size before relaxing)
 .debug_str     0x0006c660       0x55 ./src/crc16.o
                               0x4051 (size before relaxing)
 .debug_str     0x0006c6b5       0x7f ./src/config.o
                              0x616d4 (size before relaxing)
 .debug_str     0x0006c734       0x4e ./src/clocks_and_modes.o
                              0x5dd5f (size before relaxing)
 .debug_str     0x0006c782       0xad ./src/LPSPI.o
                              0x5dd60 (size before relaxing)
 .debug_str     0x0006c82f      0x12a ./src/FlexCAN.o
                              0x5df22 (size before relaxing)
 .debug_str     0x0006c959      0x186 C:/NXP/S32DS_ARM_v1.3/S32DS/arm_ewl2/lib/armv7e-m\libc99.a(memcpy.o)
                                0x21d (size before relaxing)

.comment        0x00000000       0x70
 .comment       0x00000000       0x70 ./Project_Settings/Startup_Code/system_S32K144.o
                                 0x71 (size before relaxing)
 .comment       0x00000000       0x71 ./Project_Settings/Startup_Code/startup.o
 .comment       0x00000000       0x71 ./src/xmodem.o
 .comment       0x00000000       0x71 ./src/sbc_uja1169_driver.o
 .comment       0x00000000       0x71 ./src/sbc_uja11691.o
 .comment       0x00000000       0x71 ./src/main.o
 .comment       0x00000000       0x71 ./src/flash_driver.o
 .comment       0x00000000       0x71 ./src/flash.o
 .comment       0x00000000       0x71 ./src/crc16.o
 .comment       0x00000000       0x71 ./src/config.o
 .comment       0x00000000       0x71 ./src/clocks_and_modes.o
 .comment       0x00000000       0x71 ./src/LPSPI.o
 .comment       0x00000000       0x71 ./src/FlexCAN.o
 .comment       0x00000000       0x71 C:/NXP/S32DS_ARM_v1.3/S32DS/arm_ewl2/lib/armv7e-m\libc99.a(memcpy.o)

.debug_frame    0x00000000      0xfe8
 .debug_frame   0x00000000       0x80 ./Project_Settings/Startup_Code/system_S32K144.o
 .debug_frame   0x00000080       0x38 ./Project_Settings/Startup_Code/startup.o
 .debug_frame   0x000000b8      0x170 ./src/xmodem.o
 .debug_frame   0x00000228      0x4fc ./src/sbc_uja1169_driver.o
 .debug_frame   0x00000724       0x54 ./src/main.o
 .debug_frame   0x00000778      0x46c ./src/flash_driver.o
 .debug_frame   0x00000be4       0xb4 ./src/flash.o
 .debug_frame   0x00000c98       0x88 ./src/crc16.o
 .debug_frame   0x00000d20       0x78 ./src/config.o
 .debug_frame   0x00000d98       0x70 ./src/clocks_and_modes.o
 .debug_frame   0x00000e08       0xa4 ./src/LPSPI.o
 .debug_frame   0x00000eac      0x114 ./src/FlexCAN.o
 .debug_frame   0x00000fc0       0x28 C:/NXP/S32DS_ARM_v1.3/S32DS/arm_ewl2/lib/armv7e-m\libc99.a(memcpy.o)

.debug_loc      0x00000000       0x77
 .debug_loc     0x00000000       0x77 C:/NXP/S32DS_ARM_v1.3/S32DS/arm_ewl2/lib/armv7e-m\libc99.a(memcpy.o)
